Archive member included to satisfy reference by file (symbol)

C:/ti/simplelink_cc13xx_cc26xx_sdk_6_20_00_29/source\ti/display/lib/gcc/m4f/display_cc13x2.a(Display.c.obj)
                              ./spimaster.o (Display_doOpen)
C:/ti/simplelink_cc13xx_cc26xx_sdk_6_20_00_29/source\ti/display/lib/gcc/m4f/display_cc13x2.a(DisplayUart2.c.obj)
                              ./syscfg/ti_drivers_config.o (DisplayUart2Min_fxnTable)
C:/ti/simplelink_cc13xx_cc26xx_sdk_6_20_00_29/source\ti/drivers/lib/gcc/m4f/drivers_cc13x2.a(GPIO.c.obj)
                              ./syscfg/ti_drivers_config.o (GPIO_resetConfig)
C:/ti/simplelink_cc13xx_cc26xx_sdk_6_20_00_29/source\ti/drivers/lib/gcc/m4f/drivers_cc13x2.a(GPIOCC26XX.c.obj)
                              C:/ti/simplelink_cc13xx_cc26xx_sdk_6_20_00_29/source\ti/drivers/lib/gcc/m4f/drivers_cc13x2.a(GPIO.c.obj) (GPIO_disableInt)
C:/ti/simplelink_cc13xx_cc26xx_sdk_6_20_00_29/source\ti/drivers/lib/gcc/m4f/drivers_cc13x2.a(PowerCC26X2.c.obj)
                              ./syscfg/ti_drivers_config.o (Power_init)
C:/ti/simplelink_cc13xx_cc26xx_sdk_6_20_00_29/source\ti/drivers/lib/gcc/m4f/drivers_cc13x2.a(PowerCC26X2_calibrateRCOSC.c.obj)
                              C:/ti/simplelink_cc13xx_cc26xx_sdk_6_20_00_29/source\ti/drivers/lib/gcc/m4f/drivers_cc13x2.a(PowerCC26X2.c.obj) (PowerCC26X2_initiateCalibration)
C:/ti/simplelink_cc13xx_cc26xx_sdk_6_20_00_29/source\ti/drivers/lib/gcc/m4f/drivers_cc13x2.a(SPI.c.obj)
                              ./spimaster.o (SPI_close)
C:/ti/simplelink_cc13xx_cc26xx_sdk_6_20_00_29/source\ti/drivers/lib/gcc/m4f/drivers_cc13x2.a(TemperatureCC26X2.c.obj)
                              C:/ti/simplelink_cc13xx_cc26xx_sdk_6_20_00_29/source\ti/drivers/lib/gcc/m4f/drivers_cc13x2.a(PowerCC26X2.c.obj) (Temperature_init)
C:/ti/simplelink_cc13xx_cc26xx_sdk_6_20_00_29/source\ti/drivers/lib/gcc/m4f/drivers_cc13x2.a(UART2.c.obj)
                              C:/ti/simplelink_cc13xx_cc26xx_sdk_6_20_00_29/source\ti/display/lib/gcc/m4f/display_cc13x2.a(DisplayUart2.c.obj) (UART2_Params_init)
C:/ti/simplelink_cc13xx_cc26xx_sdk_6_20_00_29/source\ti/drivers/lib/gcc/m4f/drivers_cc13x2.a(UART2CC26X2.c.obj)
                              C:/ti/simplelink_cc13xx_cc26xx_sdk_6_20_00_29/source\ti/display/lib/gcc/m4f/display_cc13x2.a(DisplayUart2.c.obj) (UART2_close)
C:/ti/simplelink_cc13xx_cc26xx_sdk_6_20_00_29/source\ti/drivers/lib/gcc/m4f/drivers_cc13x2.a(GPIOCC26X2.c.obj)
                              ./ADICUP3029Port.o (GPIO_init)
C:/ti/simplelink_cc13xx_cc26xx_sdk_6_20_00_29/source\ti/drivers/lib/gcc/m4f/drivers_cc13x2.a(PowerCC26X2_calibrateRCOSC_helpers.c.obj)
                              C:/ti/simplelink_cc13xx_cc26xx_sdk_6_20_00_29/source\ti/drivers/lib/gcc/m4f/drivers_cc13x2.a(PowerCC26X2_calibrateRCOSC.c.obj) (PowerCC26X2_updateSubSecInc)
C:/ti/simplelink_cc13xx_cc26xx_sdk_6_20_00_29/source\ti/drivers/lib/gcc/m4f/drivers_cc13x2.a(PowerCC26X2_helpers.c.obj)
                              C:/ti/simplelink_cc13xx_cc26xx_sdk_6_20_00_29/source\ti/drivers/lib/gcc/m4f/drivers_cc13x2.a(PowerCC26X2.c.obj) (PowerCC26X2_oscCtlClearXtal)
C:/ti/simplelink_cc13xx_cc26xx_sdk_6_20_00_29/source\ti/drivers/lib/gcc/m4f/drivers_cc13x2.a(SPICC26X2DMA.c.obj)
                              ./syscfg/ti_drivers_config.o (SPICC26X2DMA_fxnTable)
C:/ti/simplelink_cc13xx_cc26xx_sdk_6_20_00_29/source\ti/drivers/lib/gcc/m4f/drivers_cc13x2.a(List.c.obj)
                              C:/ti/simplelink_cc13xx_cc26xx_sdk_6_20_00_29/source\ti/drivers/lib/gcc/m4f/drivers_cc13x2.a(PowerCC26X2.c.obj) (List_put)
C:/ti/simplelink_cc13xx_cc26xx_sdk_6_20_00_29/source\ti/drivers/lib/gcc/m4f/drivers_cc13x2.a(RingBuf.c.obj)
                              C:/ti/simplelink_cc13xx_cc26xx_sdk_6_20_00_29/source\ti/drivers/lib/gcc/m4f/drivers_cc13x2.a(UART2CC26X2.c.obj) (RingBuf_construct)
C:/ti/simplelink_cc13xx_cc26xx_sdk_6_20_00_29/source\ti/drivers/lib/gcc/m4f/drivers_cc13x2.a(UDMACC26XX.c.obj)
                              C:/ti/simplelink_cc13xx_cc26xx_sdk_6_20_00_29/source\ti/drivers/lib/gcc/m4f/drivers_cc13x2.a(UART2CC26X2.c.obj) (UDMACC26XX_open)
C:/ti/simplelink_cc13xx_cc26xx_sdk_6_20_00_29/kernel/tirtos7/packages\ti/dpl/lib/gcc/m4f/dpl_cc13x2.a(ClockP_tirtos.c.obj)
                              C:/ti/simplelink_cc13xx_cc26xx_sdk_6_20_00_29/source\ti/drivers/lib/gcc/m4f/drivers_cc13x2.a(PowerCC26X2.c.obj) (ClockP_construct)
C:/ti/simplelink_cc13xx_cc26xx_sdk_6_20_00_29/kernel/tirtos7/packages\ti/dpl/lib/gcc/m4f/dpl_cc13x2.a(HwiP_tirtos.c.obj)
                              C:/ti/simplelink_cc13xx_cc26xx_sdk_6_20_00_29/source\ti/drivers/lib/gcc/m4f/drivers_cc13x2.a(SPICC26X2DMA.c.obj) (HwiP_clearInterrupt)
C:/ti/simplelink_cc13xx_cc26xx_sdk_6_20_00_29/kernel/tirtos7/packages\ti/dpl/lib/gcc/m4f/dpl_cc13x2.a(SemaphoreP_tirtos.c.obj)
[...]
Memory Configuration

Name             Origin             Length             Attributes
FLASH            0x00000000         0x00057fa8         xr
FLASH_CCFG       0x00057fa8         0x00000058         xr
SRAM             0x20000000         0x00014000         xrw
GPRAM            0x11000000         0x00002000         xrw
LOG_DATA         0x90000000         0x00040000         r
*default*        0x00000000         0xffffffff

Linker script and memory map

LOAD ./AD5940_SPI.o
LOAD ./ADICUP3029Port.o
LOAD ./BIOZ-2Wire.o
LOAD ./ad5940.o
LOAD ./main_tirtos.o
LOAD ./spimaster.o
LOAD ./syscfg/ti_devices_config.o
LOAD ./syscfg/ti_drivers_config.o
                0x00000400                STACKSIZE = 0x400
                0x00004000                HEAPSIZE = 0x4000
                [!provide]                PROVIDE (_intvecs_base_address = DEFINED (_intvecs_base_address)?_intvecs_base_address:0x0)

.intvecs        0x00000000       0x3c
 *(.intvecs)
 .intvecs       0x00000000       0x3c C:\Users\bkuzi\workspace_v10\tirtos_builds_cc13x2_cc26x2_release_gcc\Debug\configPkg\package\cfg\release_pm4fg.om4fg
                0x00000000                ti_sysbios_family_arm_m3_Hwi_resetVectors
                [!provide]                PROVIDE (_vtable_base_address = DEFINED (_vtable_base_address)?_vtable_base_address:0x20000000)

.vtable         0x20000000       0xd8
 *(.vtable)
 .vtable        0x20000000       0xd8 C:\Users\bkuzi\workspace_v10\tirtos_builds_cc13x2_cc26x2_release_gcc\Debug\configPkg\package\cfg\release_pm4fg.om4fg
                0x20000000                ti_sysbios_family_arm_m3_Hwi_ramVectors
                0x20000100                _rom_data_start = 0x20000100
                0x0000000c                _rom_data_size = DEFINED (ROM_DATA_SIZE)?0xc:DEFINED (ROM_DATA_SIZE_NO_OAD)?0x108:0x0

.rom_data_reserve
                0x20000100        0xc
                0x2000010c                . = (. + _rom_data_size)
 *fill*         0x20000100        0xc 
                0x20001800                UDMACC26XX_CONFIG_BASE = 0x20001800
                0x20001810                DMA_UART0_RX_CONTROL_TABLE_ENTRY_ADDRESS = (UDMACC26XX_CONFIG_BASE + 0x10)
                0x20001820                DMA_UART0_TX_CONTROL_TABLE_ENTRY_ADDRESS = (UDMACC26XX_CONFIG_BASE + 0x20)
                0x20001830                DMA_SPI0_RX_CONTROL_TABLE_ENTRY_ADDRESS = (UDMACC26XX_CONFIG_BASE + 0x30)
                0x20001840                DMA_SPI0_TX_CONTROL_TABLE_ENTRY_ADDRESS = (UDMACC26XX_CONFIG_BASE + 0x40)
                0x20001850                DMA_UART1_RX_CONTROL_TABLE_ENTRY_ADDRESS = (UDMACC26XX_CONFIG_BASE + 0x50)
                0x20001860                DMA_UART1_TX_CONTROL_TABLE_ENTRY_ADDRESS = (UDMACC26XX_CONFIG_BASE + 0x60)
                0x20001870                DMA_ADC_PRI_CONTROL_TABLE_ENTRY_ADDRESS = (UDMACC26XX_CONFIG_BASE + 0x70)
                0x20001890                DMA_GPT0A_PRI_CONTROL_TABLE_ENTRY_ADDRESS = (UDMACC26XX_CONFIG_BASE + 0x90)
                0x20001900                DMA_SPI1_RX_CONTROL_TABLE_ENTRY_ADDRESS = (UDMACC26XX_CONFIG_BASE + 0x100)
                0x20001910                DMA_SPI1_TX_CONTROL_TABLE_ENTRY_ADDRESS = (UDMACC26XX_CONFIG_BASE + 0x110)
                0x20001a10                DMA_UART0_RX_ALT_CONTROL_TABLE_ENTRY_ADDRESS = (UDMACC26XX_CONFIG_BASE + 0x210)
                0x20001a20                DMA_UART0_TX_ALT_CONTROL_TABLE_ENTRY_ADDRESS = (UDMACC26XX_CONFIG_BASE + 0x220)
                0x20001a30                DMA_SPI0_RX_ALT_CONTROL_TABLE_ENTRY_ADDRESS = (UDMACC26XX_CONFIG_BASE + 0x230)
                0x20001a40                DMA_SPI0_TX_ALT_CONTROL_TABLE_ENTRY_ADDRESS = (UDMACC26XX_CONFIG_BASE + 0x240)
                0x20001a50                DMA_UART1_RX_ALT_CONTROL_TABLE_ENTRY_ADDRESS = (UDMACC26XX_CONFIG_BASE + 0x250)
                0x20001a60                DMA_UART1_TX_ALT_CONTROL_TABLE_ENTRY_ADDRESS = (UDMACC26XX_CONFIG_BASE + 0x260)
                0x20001a70                DMA_ADC_ALT_CONTROL_TABLE_ENTRY_ADDRESS = (UDMACC26XX_CONFIG_BASE + 0x270)
                0x20001a90                DMA_GPT0A_ALT_CONTROL_TABLE_ENTRY_ADDRESS = (UDMACC26XX_CONFIG_BASE + 0x290)
                0x20001b00                DMA_SPI1_RX_ALT_CONTROL_TABLE_ENTRY_ADDRESS = (UDMACC26XX_CONFIG_BASE + 0x300)
                0x20001b10                DMA_SPI1_TX_ALT_CONTROL_TABLE_ENTRY_ADDRESS = (UDMACC26XX_CONFIG_BASE + 0x310)
                0x00000000                UDMACC26XX_uart0RxControlTableEntry_is_placed = 0x0

.dmaUart0RxControlTableEntry
 *(.dmaUart0RxControlTableEntry)
                0x00000000                UDMACC26XX_uart0TxControlTableEntry_is_placed = 0x0

.dmaUart0TxControlTableEntry
 *(.dmaUart0TxControlTableEntry)
                0x00000000                UDMACC26XX_dmaSpi0RxControlTableEntry_is_placed = 0x0

.dmaSpi0RxControlTableEntry
                0x20001830       0x10
 *(.dmaSpi0RxControlTableEntry)
 .dmaSpi0RxControlTableEntry
                0x20001830       0x10 ./syscfg/ti_drivers_config.o
                0x00000000                UDMACC26XX_dmaSpi0TxControlTableEntry_is_placed = 0x0

.dmaSpi0TxControlTableEntry
                0x20001840       0x10
 *(.dmaSpi0TxControlTableEntry)
 .dmaSpi0TxControlTableEntry
                0x20001840       0x10 ./syscfg/ti_drivers_config.o
                0x00000000                UDMACC26XX_uart1RxControlTableEntry_is_placed = 0x0

.dmaUart1RxControlTableEntry
                0x20001850       0x10
 *(.dmaUart1RxControlTableEntry)
 .dmaUart1RxControlTableEntry
                0x20001850       0x10 ./syscfg/ti_drivers_config.o
                0x00000000                UDMACC26XX_uart1TxControlTableEntry_is_placed = 0x0

.dmaUart1TxControlTableEntry
                0x20001860       0x10
 *(.dmaUart1TxControlTableEntry)
 .dmaUart1TxControlTableEntry
                0x20001860       0x10 ./syscfg/ti_drivers_config.o
                0x00000000                UDMACC26XX_dmaADCPriControlTableEntry_is_placed = 0x0

.dmaADCPriControlTableEntry
 *(.dmaADCPriControlTableEntry)
                0x00000000                UDMACC26XX_dmaGPT0APriControlTableEntry_is_placed = 0x0

.dmaGPT0APriControlTableEntry
 *(.dmaGPT0APriControlTableEntry)
                0x00000000                UDMACC26XX_dmaSpi1RxControlTableEntry_is_placed = 0x0

.dmaSpi1RxControlTableEntry
 *(.dmaSpi1RxControlTableEntry)
                0x00000000                UDMACC26XX_dmaSpi1TxControlTableEntry_is_placed = 0x0

.dmaSpi1TxControlTableEntry
 *(.dmaSpi1TxControlTableEntry)
                0x00000000                UDMACC26XX_uart0RxAltControlTableEntry_is_placed = 0x0

.dmaUart0RxAltControlTableEntry
 *(.dmaUart0RxAltControlTableEntry)
                0x00000000                UDMACC26XX_uart0TxAltControlTableEntry_is_placed = 0x0

.dmaUart0TxAltControlTableEntry
 *(.dmaUart0TxAltControlTableEntry)
                0x00000000                UDMACC26XX_dmaSpi0RxAltControlTableEntry_is_placed = 0x0

.dmaSpi0RxAltControlTableEntry
                0x20001a30       0x10
 *(.dmaSpi0RxAltControlTableEntry)
 .dmaSpi0RxAltControlTableEntry
                0x20001a30       0x10 ./syscfg/ti_drivers_config.o
                0x00000000                UDMACC26XX_dmaSpi0TxAltControlTableEntry_is_placed = 0x0

.dmaSpi0TxAltControlTableEntry
                0x20001a40       0x10
 *(.dmaSpi0TxAltControlTableEntry)
 .dmaSpi0TxAltControlTableEntry
                0x20001a40       0x10 ./syscfg/ti_drivers_config.o
                0x00000000                UDMACC26XX_uart1RxAltControlTableEntry_is_placed = 0x0

.dmaUart1RxAltControlTableEntry
 *(.dmaUart1RxAltControlTableEntry)
                0x00000000                UDMACC26XX_uart1TxAltControlTableEntry_is_placed = 0x0

.dmaUart1TxAltControlTableEntry
 *(.dmaUart1TxAltControlTableEntry)
                0x00000000                UDMACC26XX_dmaADCAltControlTableEntry_is_placed = 0x0

.dmaADCAltControlTableEntry
 *(.dmaADCAltControlTableEntry)
                0x00000000                UDMACC26XX_dmaGPT0AAltControlTableEntry_is_placed = 0x0

.dmaGPT0AAltControlTableEntry
 *(.dmaGPT0AAltControlTableEntry)
                0x00000000                UDMACC26XX_dmaSpi1RxAltControlTableEntry_is_placed = 0x0

.dmaSpi1RxAltControlTableEntry
 *(.dmaSpi1RxAltControlTableEntry)
                0x00000000                UDMACC26XX_dmaSpi1TxAltControlTableEntry_is_placed = 0x0

.dmaSpi1TxAltControlTableEntry
 *(.dmaSpi1TxAltControlTableEntry)
                0x00002000                _rom_rodata_start = 0x2000
                0x00000000                _rom_rodata_size = DEFINED (ROM_RODATA_SIZE)?0x0:DEFINED (ROM_RODATA_SIZE_NO_OAD)?0x330:0x0

.rom_rodata_reserve
                0x00002000        0x0 load address 0x0000003c
                0x00002000                . = (. + _rom_rodata_size)

.text           0x00000040     0x5b80
 CREATE_OBJECT_SYMBOLS
 *(.text)
 .text          0x00000040      0x378 c:/ti/ccs1030/ccs/tools/compiler/gcc-arm-none-eabi-9-2019-q4-major/bin/../lib/gcc/arm-none-eabi/9.2.1/thumb/v7e-m+fp/hard\libgcc.a(_arm_addsubdf3.o)
                0x00000040                __aeabi_drsub
                0x00000048                __aeabi_dsub
                0x00000048                __subdf3
                0x0000004c                __aeabi_dadd
                0x0000004c                __adddf3
                0x000002c4                __floatunsidf
                0x000002c4                __aeabi_ui2d
                0x000002e4                __floatsidf
                0x000002e4                __aeabi_i2d
                0x00000308                __aeabi_f2d
                0x00000308                __extendsfdf2
                0x0000034c                __floatundidf
                0x0000034c                __aeabi_ul2d
                0x0000035c                __floatdidf
                0x0000035c                __aeabi_l2d
 .text          0x000003b8      0x424 c:/ti/ccs1030/ccs/tools/compiler/gcc-arm-none-eabi-9-2019-q4-major/bin/../lib/gcc/arm-none-eabi/9.2.1/thumb/v7e-m+fp/hard\libgcc.a(_arm_muldivdf3.o)
                0x000003b8                __aeabi_dmul
                0x000003b8                __muldf3
                0x0000060c                __divdf3
                0x0000060c                __aeabi_ddiv
 .text          0x000007dc      0x110 c:/ti/ccs1030/ccs/tools/compiler/gcc-arm-none-eabi-9-2019-q4-major/bin/../lib/gcc/arm-none-eabi/9.2.1/thumb/v7e-m+fp/hard\libgcc.a(_arm_cmpdf2.o)
                0x000007dc                __gtdf2
                0x000007dc                __gedf2
                0x000007e4                __ltdf2
                0x000007e4                __ledf2
                0x000007ec                __nedf2
                0x000007ec                __eqdf2
                0x000007ec                __cmpdf2
                0x00000868                __aeabi_cdrcmple
                0x00000878                __aeabi_cdcmpeq
                0x00000878                __aeabi_cdcmple
                0x00000888                __aeabi_dcmpeq
                0x0000089c                __aeabi_dcmplt
                0x000008b0                __aeabi_dcmple
                0x000008c4                __aeabi_dcmpge
                0x000008d8                __aeabi_dcmpgt
 .text          0x000008ec       0x50 c:/ti/ccs1030/ccs/tools/compiler/gcc-arm-none-eabi-9-2019-q4-major/bin/../lib/gcc/arm-none-eabi/9.2.1/thumb/v7e-m+fp/hard\libgcc.a(_arm_fixdfsi.o)
                0x000008ec                __aeabi_d2iz
                0x000008ec                __fixdfsi
 .text          0x0000093c       0x40 c:/ti/ccs1030/ccs/tools/compiler/gcc-arm-none-eabi-9-2019-q4-major/bin/../lib/gcc/arm-none-eabi/9.2.1/thumb/v7e-m+fp/hard\libgcc.a(_arm_fixunsdfsi.o)
                0x0000093c                __aeabi_d2uiz
                0x0000093c                __fixunsdfsi
 .text          0x0000097c       0x30 c:/ti/ccs1030/ccs/tools/compiler/gcc-arm-none-eabi-9-2019-q4-major/bin/../lib/gcc/arm-none-eabi/9.2.1/thumb/v7e-m+fp/hard\libgcc.a(_aeabi_uldivmod.o)
                0x0000097c                __aeabi_uldivmod
 .text          0x000009ac      0x2c4 c:/ti/ccs1030/ccs/tools/compiler/gcc-arm-none-eabi-9-2019-q4-major/bin/../lib/gcc/arm-none-eabi/9.2.1/thumb/v7e-m+fp/hard\libgcc.a(_udivmoddi4.o)
                0x000009ac                __udivmoddi4
 .text          0x00000c70        0x4 c:/ti/ccs1030/ccs/tools/compiler/gcc-arm-none-eabi-9-2019-q4-major/bin/../lib/gcc/arm-none-eabi/9.2.1/thumb/v7e-m+fp/hard\libgcc.a(_dvmd_tls.o)
                0x00000c70                __aeabi_idiv0
                0x00000c70                __aeabi_ldiv0
 *(.text.*)
 .text.AD5940_Main
                0x00000c74      0x100 ./AD5940_SPI.o
                0x00000c74                AD5940_Main
 .text.AD5940_ReadWriteNBytes
                0x00000d74       0x94 ./ADICUP3029Port.o
                0x00000d74                AD5940_ReadWriteNBytes
 .text.AD5940_CsClr
                0x00000e08        0x8 ./ADICUP3029Port.o
                0x00000e08                AD5940_CsClr
 .text.AD5940_CsSet
                0x00000e10        0x8 ./ADICUP3029Port.o
                0x00000e10                AD5940_CsSet
 .text.AD5940_RstSet
                0x00000e18        0x8 ./ADICUP3029Port.o
                0x00000e18                AD5940_RstSet
 .text.AD5940_RstClr
                0x00000e20        0x8 ./ADICUP3029Port.o
                0x00000e20                AD5940_RstClr
 .text.AD5940_Delay10us
                0x00000e28       0x18 ./ADICUP3029Port.o
                0x00000e28                AD5940_Delay10us
 .text.AD5940_MCUResourceInit
                0x00000e40       0xa0 ./ADICUP3029Port.o
                0x00000e40                AD5940_MCUResourceInit
 .text.AD5940_SPIReadReg
                0x00000ee0       0x9c ./ad5940.o
 .text.AD5940_SPIWriteReg
                0x00000f7c       0x88 ./ad5940.o
 .text.AD5940_WriteReg
                0x00001004        0x4 ./ad5940.o
                0x00001004                AD5940_WriteReg
 .text.AD5940_ReadReg
                0x00001008        0x4 ./ad5940.o
                0x00001008                AD5940_ReadReg
 .text.AD5940_Initialize
                0x0000100c       0x5c ./ad5940.o
                0x0000100c                AD5940_Initialize
 .text.AD5940_HWReset
                0x00001068       0x1c ./ad5940.o
                0x00001068                AD5940_HWReset
 .text.startup.main
                0x00001084       0x5c ./main_tirtos.o
                0x00001084                main
 .text.mainThread
                0x000010e0       0x90 ./spimaster.o
                0x000010e0                mainThread
 .text.Board_shutDownExtFlash
                0x00001170       0xc0 ./syscfg/ti_drivers_config.o
                0x00001170                Board_shutDownExtFlash
 .text.Board_initHook
                0x00001230        0x4 ./syscfg/ti_drivers_config.o
                0x00001230                Board_initHook
 .text.Board_init
                0x00001234       0x14 ./syscfg/ti_drivers_config.o
                0x00001234                Board_init
 .text.Display_doOpen
                0x00001248       0x60 C:/ti/simplelink_cc13xx_cc26xx_sdk_6_20_00_29/source\ti/display/lib/gcc/m4f/display_cc13x2.a(Display.c.obj)
                0x00001248                Display_doOpen
 .text.Display_doPrintf
                0x000012a8       0x24 C:/ti/simplelink_cc13xx_cc26xx_sdk_6_20_00_29/source\ti/display/lib/gcc/m4f/display_cc13x2.a(Display.c.obj)
                0x000012a8                Display_doPrintf
 .text.Display_doInit
                0x000012cc       0x2c C:/ti/simplelink_cc13xx_cc26xx_sdk_6_20_00_29/source\ti/display/lib/gcc/m4f/display_cc13x2.a(Display.c.obj)
                0x000012cc                Display_doInit
 .text.DisplayUart2Min_init
                0x000012f8        0x4 C:/ti/simplelink_cc13xx_cc26xx_sdk_6_20_00_29/source\ti/display/lib/gcc/m4f/display_cc13x2.a(DisplayUart2.c.obj)
                0x000012f8                DisplayUart2Min_init
 .text.DisplayUart2Min_clearLines
                0x000012fc        0x4 C:/ti/simplelink_cc13xx_cc26xx_sdk_6_20_00_29/source\ti/display/lib/gcc/m4f/display_cc13x2.a(DisplayUart2.c.obj)
                0x000012fc                DisplayUart2Min_clearLines
 .text.DisplayUart2Min_control
                0x00001300        0x8 C:/ti/simplelink_cc13xx_cc26xx_sdk_6_20_00_29/source\ti/display/lib/gcc/m4f/display_cc13x2.a(DisplayUart2.c.obj)
                0x00001300                DisplayUart2Min_control
 .text.DisplayUart2Min_getType
                0x00001308        0x8 C:/ti/simplelink_cc13xx_cc26xx_sdk_6_20_00_29/source\ti/display/lib/gcc/m4f/display_cc13x2.a(DisplayUart2.c.obj)
                0x00001308                DisplayUart2Min_getType
 .text.DisplayUart2Min_open
                0x00001310       0x40 C:/ti/simplelink_cc13xx_cc26xx_sdk_6_20_00_29/source\ti/display/lib/gcc/m4f/display_cc13x2.a(DisplayUart2.c.obj)
                0x00001310                DisplayUart2Min_open
 .text.DisplayUart2Min_vprintf
                0x00001350       0x58 C:/ti/simplelink_cc13xx_cc26xx_sdk_6_20_00_29/source\ti/display/lib/gcc/m4f/display_cc13x2.a(DisplayUart2.c.obj)
                0x00001350                DisplayUart2Min_vprintf
 .text.DisplayUart2Min_close
                0x000013a8       0x18 C:/ti/simplelink_cc13xx_cc26xx_sdk_6_20_00_29/source\ti/display/lib/gcc/m4f/display_cc13x2.a(DisplayUart2.c.obj)
                0x000013a8                DisplayUart2Min_close
 .text.DisplayUart2Min_clear
                0x000013c0        0x4 C:/ti/simplelink_cc13xx_cc26xx_sdk_6_20_00_29/source\ti/display/lib/gcc/m4f/display_cc13x2.a(DisplayUart2.c.obj)
                0x000013c0                DisplayUart2Min_clear
 .text.GPIO_setCallback
                0x000013c4       0x1c C:/ti/simplelink_cc13xx_cc26xx_sdk_6_20_00_29/source\ti/drivers/lib/gcc/m4f/drivers_cc13x2.a(GPIO.c.obj)
                0x000013c4                GPIO_setCallback
 .text.GPIO_setUserArg
                0x000013e0       0x14 C:/ti/simplelink_cc13xx_cc26xx_sdk_6_20_00_29/source\ti/drivers/lib/gcc/m4f/drivers_cc13x2.a(GPIO.c.obj)
                0x000013e0                GPIO_setUserArg
 .text.GPIO_getUserArg
                0x000013f4       0x10 C:/ti/simplelink_cc13xx_cc26xx_sdk_6_20_00_29/source\ti/drivers/lib/gcc/m4f/drivers_cc13x2.a(GPIO.c.obj)
                0x000013f4                GPIO_getUserArg
 .text.GPIO_resetConfig
                0x00001404       0x3c C:/ti/simplelink_cc13xx_cc26xx_sdk_6_20_00_29/source\ti/drivers/lib/gcc/m4f/drivers_cc13x2.a(GPIO.c.obj)
                0x00001404                GPIO_resetConfig
 .text.GPIO_disableInt
                0x00001440       0x18 C:/ti/simplelink_cc13xx_cc26xx_sdk_6_20_00_29/source\ti/drivers/lib/gcc/m4f/drivers_cc13x2.a(GPIOCC26XX.c.obj)
                0x00001440                GPIO_disableInt
 .text.GPIO_read
                0x00001458       0x14 C:/ti/simplelink_cc13xx_cc26xx_sdk_6_20_00_29/source\ti/drivers/lib/gcc/m4f/drivers_cc13x2.a(GPIOCC26XX.c.obj)
                0x00001458                GPIO_read
 .text.GPIO_setConfig
                0x0000146c       0x80 C:/ti/simplelink_cc13xx_cc26xx_sdk_6_20_00_29/source\ti/drivers/lib/gcc/m4f/drivers_cc13x2.a(GPIOCC26XX.c.obj)
                0x0000146c                GPIO_setConfig
 .text.GPIO_setInterruptConfig
                0x000014ec       0x30 C:/ti/simplelink_cc13xx_cc26xx_sdk_6_20_00_29/source\ti/drivers/lib/gcc/m4f/drivers_cc13x2.a(GPIOCC26XX.c.obj)
                0x000014ec                GPIO_setInterruptConfig
 .text.GPIO_setMux
                0x0000151c       0x1c C:/ti/simplelink_cc13xx_cc26xx_sdk_6_20_00_29/source\ti/drivers/lib/gcc/m4f/drivers_cc13x2.a(GPIOCC26XX.c.obj)
                0x0000151c                GPIO_setMux
 .text.GPIO_write
                0x00001538       0x14 C:/ti/simplelink_cc13xx_cc26xx_sdk_6_20_00_29/source\ti/drivers/lib/gcc/m4f/drivers_cc13x2.a(GPIOCC26XX.c.obj)
                0x00001538                GPIO_write
 .text.emptyClockFunc
                0x0000154c        0x4 C:/ti/simplelink_cc13xx_cc26xx_sdk_6_20_00_29/source\ti/drivers/lib/gcc/m4f/drivers_cc13x2.a(PowerCC26X2.c.obj)
 .text.nopResourceHandler
                0x00001550        0x4 C:/ti/simplelink_cc13xx_cc26xx_sdk_6_20_00_29/source\ti/drivers/lib/gcc/m4f/drivers_cc13x2.a(PowerCC26X2.c.obj)
 .text.notify   0x00001554       0x34 C:/ti/simplelink_cc13xx_cc26xx_sdk_6_20_00_29/source\ti/drivers/lib/gcc/m4f/drivers_cc13x2.a(PowerCC26X2.c.obj)
 .text.configureRFCoreClocks
                0x00001588        0x4 C:/ti/simplelink_cc13xx_cc26xx_sdk_6_20_00_29/source\ti/drivers/lib/gcc/m4f/drivers_cc13x2.a(PowerCC26X2.c.obj)
 .text.Power_getConstraintMask
                0x0000158c        0xc C:/ti/simplelink_cc13xx_cc26xx_sdk_6_20_00_29/source\ti/drivers/lib/gcc/m4f/drivers_cc13x2.a(PowerCC26X2.c.obj)
                0x0000158c                Power_getConstraintMask
 .text.Power_getDependencyCount
                0x00001598       0x10 C:/ti/simplelink_cc13xx_cc26xx_sdk_6_20_00_29/source\ti/drivers/lib/gcc/m4f/drivers_cc13x2.a(PowerCC26X2.c.obj)
                0x00001598                Power_getDependencyCount
 .text.Power_getTransitionLatency
                0x000015a8       0x1c C:/ti/simplelink_cc13xx_cc26xx_sdk_6_20_00_29/source\ti/drivers/lib/gcc/m4f/drivers_cc13x2.a(PowerCC26X2.c.obj)
                0x000015a8                Power_getTransitionLatency
 .text.Power_idleFunc
                0x000015c4       0x18 C:/ti/simplelink_cc13xx_cc26xx_sdk_6_20_00_29/source\ti/drivers/lib/gcc/m4f/drivers_cc13x2.a(PowerCC26X2.c.obj)
                0x000015c4                Power_idleFunc
 .text.Power_registerNotify
                0x000015dc       0x24 C:/ti/simplelink_cc13xx_cc26xx_sdk_6_20_00_29/source\ti/drivers/lib/gcc/m4f/drivers_cc13x2.a(PowerCC26X2.c.obj)
                0x000015dc                Power_registerNotify
 .text.Power_releaseConstraint
                0x00001600       0x34 C:/ti/simplelink_cc13xx_cc26xx_sdk_6_20_00_29/source\ti/drivers/lib/gcc/m4f/drivers_cc13x2.a(PowerCC26X2.c.obj)
                0x00001600                Power_releaseConstraint
 .text.switchXOSCHF
                0x00001634       0x4c C:/ti/simplelink_cc13xx_cc26xx_sdk_6_20_00_29/source\ti/drivers/lib/gcc/m4f/drivers_cc13x2.a(PowerCC26X2.c.obj)
 .text.oscillatorISR
                0x00001680       0x58 C:/ti/simplelink_cc13xx_cc26xx_sdk_6_20_00_29/source\ti/drivers/lib/gcc/m4f/drivers_cc13x2.a(PowerCC26X2.c.obj)
 .text.switchToTCXO
                0x000016d8       0x10 C:/ti/simplelink_cc13xx_cc26xx_sdk_6_20_00_29/source\ti/drivers/lib/gcc/m4f/drivers_cc13x2.a(PowerCC26X2.c.obj)
 .text.Power_releaseDependency
                0x000016e8       0xb4 C:/ti/simplelink_cc13xx_cc26xx_sdk_6_20_00_29/source\ti/drivers/lib/gcc/m4f/drivers_cc13x2.a(PowerCC26X2.c.obj)
                0x000016e8                Power_releaseDependency
 .text.Power_setConstraint
                0x0000179c       0x30 C:/ti/simplelink_cc13xx_cc26xx_sdk_6_20_00_29/source\ti/drivers/lib/gcc/m4f/drivers_cc13x2.a(PowerCC26X2.c.obj)
                0x0000179c                Power_setConstraint
 .text.configureXOSCHF
                0x000017cc       0xfc C:/ti/simplelink_cc13xx_cc26xx_sdk_6_20_00_29/source\ti/drivers/lib/gcc/m4f/drivers_cc13x2.a(PowerCC26X2.c.obj)
 .text.Power_init
                0x000018c8      0x144 C:/ti/simplelink_cc13xx_cc26xx_sdk_6_20_00_29/source\ti/drivers/lib/gcc/m4f/drivers_cc13x2.a(PowerCC26X2.c.obj)
                0x000018c8                Power_init
 .text.Power_setDependency
                0x00001a0c       0xdc C:/ti/simplelink_cc13xx_cc26xx_sdk_6_20_00_29/source\ti/drivers/lib/gcc/m4f/drivers_cc13x2.a(PowerCC26X2.c.obj)
                0x00001a0c                Power_setDependency
 .text.Power_sleep
                0x00001ae8      0x184 C:/ti/simplelink_cc13xx_cc26xx_sdk_6_20_00_29/source\ti/drivers/lib/gcc/m4f/drivers_cc13x2.a(PowerCC26X2.c.obj)
                0x00001ae8                Power_sleep
 .text.Power_unregisterNotify
                0x00001c6c       0x24 C:/ti/simplelink_cc13xx_cc26xx_sdk_6_20_00_29/source\ti/drivers/lib/gcc/m4f/drivers_cc13x2.a(PowerCC26X2.c.obj)
                0x00001c6c                Power_unregisterNotify
 .text.PowerCC26XX_calibrate
                0x00001c90       0x18 C:/ti/simplelink_cc13xx_cc26xx_sdk_6_20_00_29/source\ti/drivers/lib/gcc/m4f/drivers_cc13x2.a(PowerCC26X2.c.obj)
                0x00001c90                PowerCC26XX_calibrate
 .text.runCalibrateFsm
                0x00001ca8      0x144 C:/ti/simplelink_cc13xx_cc26xx_sdk_6_20_00_29/source\ti/drivers/lib/gcc/m4f/drivers_cc13x2.a(PowerCC26X2_calibrateRCOSC.c.obj)
 .text.PowerCC26X2_initiateCalibration
                0x00001dec       0x74 C:/ti/simplelink_cc13xx_cc26xx_sdk_6_20_00_29/source\ti/drivers/lib/gcc/m4f/drivers_cc13x2.a(PowerCC26X2_calibrateRCOSC.c.obj)
                0x00001dec                PowerCC26X2_initiateCalibration
 .text.PowerCC26X2_auxISR
                0x00001e60      0x1bc C:/ti/simplelink_cc13xx_cc26xx_sdk_6_20_00_29/source\ti/drivers/lib/gcc/m4f/drivers_cc13x2.a(PowerCC26X2_calibrateRCOSC.c.obj)
                0x00001e60                PowerCC26X2_auxISR
 .text.PowerCC26X2_calibrate
                0x0000201c       0x14 C:/ti/simplelink_cc13xx_cc26xx_sdk_6_20_00_29/source\ti/drivers/lib/gcc/m4f/drivers_cc13x2.a(PowerCC26X2_calibrateRCOSC.c.obj)
                0x0000201c                PowerCC26X2_calibrate
 .text.PowerCC26X2_RCOSC_clockFunc
                0x00002030       0x4c C:/ti/simplelink_cc13xx_cc26xx_sdk_6_20_00_29/source\ti/drivers/lib/gcc/m4f/drivers_cc13x2.a(PowerCC26X2_calibrateRCOSC.c.obj)
                0x00002030                PowerCC26X2_RCOSC_clockFunc
 .text.SPI_close
                0x0000207c        0x8 C:/ti/simplelink_cc13xx_cc26xx_sdk_6_20_00_29/source\ti/drivers/lib/gcc/m4f/drivers_cc13x2.a(SPI.c.obj)
                0x0000207c                SPI_close
 .text.SPI_init
                0x00002084       0x4c C:/ti/simplelink_cc13xx_cc26xx_sdk_6_20_00_29/source\ti/drivers/lib/gcc/m4f/drivers_cc13x2.a(SPI.c.obj)
                0x00002084                SPI_init
 .text.SPI_open
                0x000020d0       0x44 C:/ti/simplelink_cc13xx_cc26xx_sdk_6_20_00_29/source\ti/drivers/lib/gcc/m4f/drivers_cc13x2.a(SPI.c.obj)
                0x000020d0                SPI_open
 .text.SPI_Params_init
                0x00002114       0x1c C:/ti/simplelink_cc13xx_cc26xx_sdk_6_20_00_29/source\ti/drivers/lib/gcc/m4f/drivers_cc13x2.a(SPI.c.obj)
                0x00002114                SPI_Params_init
 .text.SPI_transfer
                0x00002130        0x8 C:/ti/simplelink_cc13xx_cc26xx_sdk_6_20_00_29/source\ti/drivers/lib/gcc/m4f/drivers_cc13x2.a(SPI.c.obj)
                0x00002130                SPI_transfer
 .text.UART2_Params_init
                0x00002138       0x1c C:/ti/simplelink_cc13xx_cc26xx_sdk_6_20_00_29/source\ti/drivers/lib/gcc/m4f/drivers_cc13x2.a(UART2.c.obj)
                0x00002138                UART2_Params_init
 .text.UART2_readCancel
                0x00002154       0x60 C:/ti/simplelink_cc13xx_cc26xx_sdk_6_20_00_29/source\ti/drivers/lib/gcc/m4f/drivers_cc13x2.a(UART2.c.obj)
                0x00002154                UART2_readCancel
 .text.UART2_rxDisable
                0x000021b4       0x3c C:/ti/simplelink_cc13xx_cc26xx_sdk_6_20_00_29/source\ti/drivers/lib/gcc/m4f/drivers_cc13x2.a(UART2.c.obj)
                0x000021b4                UART2_rxDisable
 .text.UART2_writeTimeout
                0x000021f0      0x2bc C:/ti/simplelink_cc13xx_cc26xx_sdk_6_20_00_29/source\ti/drivers/lib/gcc/m4f/drivers_cc13x2.a(UART2.c.obj)
                0x000021f0                UART2_writeTimeout
 .text.UART2_write
                0x000024ac       0x14 C:/ti/simplelink_cc13xx_cc26xx_sdk_6_20_00_29/source\ti/drivers/lib/gcc/m4f/drivers_cc13x2.a(UART2.c.obj)
                0x000024ac                UART2_write
 .text.UART2_writeCancel
                0x000024c0       0xa0 C:/ti/simplelink_cc13xx_cc26xx_sdk_6_20_00_29/source\ti/drivers/lib/gcc/m4f/drivers_cc13x2.a(UART2.c.obj)
                0x000024c0                UART2_writeCancel
 .text.UART2CC26X2_eventCallback
                0x00002560        0x4 C:/ti/simplelink_cc13xx_cc26xx_sdk_6_20_00_29/source\ti/drivers/lib/gcc/m4f/drivers_cc13x2.a(UART2CC26X2.c.obj)
 .text.UART2CC26X2_writeTimeout
                0x00002564       0x28 C:/ti/simplelink_cc13xx_cc26xx_sdk_6_20_00_29/source\ti/drivers/lib/gcc/m4f/drivers_cc13x2.a(UART2CC26X2.c.obj)
 .text.UART2CC26X2_readTimeout
                0x0000258c        0xc C:/ti/simplelink_cc13xx_cc26xx_sdk_6_20_00_29/source\ti/drivers/lib/gcc/m4f/drivers_cc13x2.a(UART2CC26X2.c.obj)
 .text.UART2CC26X2_initHw.isra.0
                0x00002598      0x130 C:/ti/simplelink_cc13xx_cc26xx_sdk_6_20_00_29/source\ti/drivers/lib/gcc/m4f/drivers_cc13x2.a(UART2CC26X2.c.obj)
 .text.UART2CC26X2_postNotifyFxn
                0x000026c8       0x18 C:/ti/simplelink_cc13xx_cc26xx_sdk_6_20_00_29/source\ti/drivers/lib/gcc/m4f/drivers_cc13x2.a(UART2CC26X2.c.obj)
 .text.UART2_close
                0x000026e0       0xac C:/ti/simplelink_cc13xx_cc26xx_sdk_6_20_00_29/source\ti/drivers/lib/gcc/m4f/drivers_cc13x2.a(UART2CC26X2.c.obj)
                0x000026e0                UART2_close
 .text.UART2_open
                0x0000278c      0x1f0 C:/ti/simplelink_cc13xx_cc26xx_sdk_6_20_00_29/source\ti/drivers/lib/gcc/m4f/drivers_cc13x2.a(UART2CC26X2.c.obj)
                0x0000278c                UART2_open
 .text.UART2Support_disableRx
                0x0000297c       0x20 C:/ti/simplelink_cc13xx_cc26xx_sdk_6_20_00_29/source\ti/drivers/lib/gcc/m4f/drivers_cc13x2.a(UART2CC26X2.c.obj)
                0x0000297c                UART2Support_disableRx
 .text.UART2Support_disableTx
                0x0000299c        0xc C:/ti/simplelink_cc13xx_cc26xx_sdk_6_20_00_29/source\ti/drivers/lib/gcc/m4f/drivers_cc13x2.a(UART2CC26X2.c.obj)
                0x0000299c                UART2Support_disableTx
 .text.UART2Support_dmaStartRx
                0x000029a8      0x10c C:/ti/simplelink_cc13xx_cc26xx_sdk_6_20_00_29/source\ti/drivers/lib/gcc/m4f/drivers_cc13x2.a(UART2CC26X2.c.obj)
                0x000029a8                UART2Support_dmaStartRx
 .text.UART2Support_dmaStartTx
                0x00002ab4       0xbc C:/ti/simplelink_cc13xx_cc26xx_sdk_6_20_00_29/source\ti/drivers/lib/gcc/m4f/drivers_cc13x2.a(UART2CC26X2.c.obj)
                0x00002ab4                UART2Support_dmaStartTx
 .text.UART2Support_dmaStopRx
                0x00002b70       0x64 C:/ti/simplelink_cc13xx_cc26xx_sdk_6_20_00_29/source\ti/drivers/lib/gcc/m4f/drivers_cc13x2.a(UART2CC26X2.c.obj)
                0x00002b70                UART2Support_dmaStopRx
 .text.UART2Support_dmaStopTx
                0x00002bd4       0x6c C:/ti/simplelink_cc13xx_cc26xx_sdk_6_20_00_29/source\ti/drivers/lib/gcc/m4f/drivers_cc13x2.a(UART2CC26X2.c.obj)
                0x00002bd4                UART2Support_dmaStopTx
 .text.UART2CC26X2_hwiIntFxn
                0x00002c40      0x33c C:/ti/simplelink_cc13xx_cc26xx_sdk_6_20_00_29/source\ti/drivers/lib/gcc/m4f/drivers_cc13x2.a(UART2CC26X2.c.obj)
 .text.UART2Support_enableTx
                0x00002f7c        0xc C:/ti/simplelink_cc13xx_cc26xx_sdk_6_20_00_29/source\ti/drivers/lib/gcc/m4f/drivers_cc13x2.a(UART2CC26X2.c.obj)
                0x00002f7c                UART2Support_enableTx
 .text.UART2Support_powerRelConstraint
                0x00002f88        0x8 C:/ti/simplelink_cc13xx_cc26xx_sdk_6_20_00_29/source\ti/drivers/lib/gcc/m4f/drivers_cc13x2.a(UART2CC26X2.c.obj)
                0x00002f88                UART2Support_powerRelConstraint
 .text.UART2Support_sendData
                0x00002f90       0x3c C:/ti/simplelink_cc13xx_cc26xx_sdk_6_20_00_29/source\ti/drivers/lib/gcc/m4f/drivers_cc13x2.a(UART2CC26X2.c.obj)
                0x00002f90                UART2Support_sendData
 .text.UART2Support_txDone
                0x00002fcc       0x10 C:/ti/simplelink_cc13xx_cc26xx_sdk_6_20_00_29/source\ti/drivers/lib/gcc/m4f/drivers_cc13x2.a(UART2CC26X2.c.obj)
                0x00002fcc                UART2Support_txDone
 .text.GPIO_hwiIntFxn
                0x00002fdc       0x4c C:/ti/simplelink_cc13xx_cc26xx_sdk_6_20_00_29/source\ti/drivers/lib/gcc/m4f/drivers_cc13x2.a(GPIOCC26X2.c.obj)
                0x00002fdc                GPIO_hwiIntFxn
 .text.GPIO_init
                0x00003028      0x134 C:/ti/simplelink_cc13xx_cc26xx_sdk_6_20_00_29/source\ti/drivers/lib/gcc/m4f/drivers_cc13x2.a(GPIOCC26X2.c.obj)
                0x00003028                GPIO_init
 .text.PowerCC26X2_updateSubSecInc
                0x0000315c       0x90 C:/ti/simplelink_cc13xx_cc26xx_sdk_6_20_00_29/source\ti/drivers/lib/gcc/m4f/drivers_cc13x2.a(PowerCC26X2_calibrateRCOSC_helpers.c.obj)
                0x0000315c                PowerCC26X2_updateSubSecInc
 .text.PowerCC26X2_readCtrim
                0x000031ec       0x10 C:/ti/simplelink_cc13xx_cc26xx_sdk_6_20_00_29/source\ti/drivers/lib/gcc/m4f/drivers_cc13x2.a(PowerCC26X2_calibrateRCOSC_helpers.c.obj)
                0x000031ec                PowerCC26X2_readCtrim
 .text.PowerCC26X2_readCtrimFract
                0x000031fc       0x10 C:/ti/simplelink_cc13xx_cc26xx_sdk_6_20_00_29/source\ti/drivers/lib/gcc/m4f/drivers_cc13x2.a(PowerCC26X2_calibrateRCOSC_helpers.c.obj)
                0x000031fc                PowerCC26X2_readCtrimFract
 .text.PowerCC26X2_readRtrim
                0x0000320c       0x10 C:/ti/simplelink_cc13xx_cc26xx_sdk_6_20_00_29/source\ti/drivers/lib/gcc/m4f/drivers_cc13x2.a(PowerCC26X2_calibrateRCOSC_helpers.c.obj)
                0x0000320c                PowerCC26X2_readRtrim
 .text.PowerCC26X2_writeCtrim
                0x0000321c       0x28 C:/ti/simplelink_cc13xx_cc26xx_sdk_6_20_00_29/source\ti/drivers/lib/gcc/m4f/drivers_cc13x2.a(PowerCC26X2_calibrateRCOSC_helpers.c.obj)
                0x0000321c                PowerCC26X2_writeCtrim
 .text.PowerCC26X2_writeCtrimFract
                0x00003244       0x28 C:/ti/simplelink_cc13xx_cc26xx_sdk_6_20_00_29/source\ti/drivers/lib/gcc/m4f/drivers_cc13x2.a(PowerCC26X2_calibrateRCOSC_helpers.c.obj)
                0x00003244                PowerCC26X2_writeCtrimFract
 .text.PowerCC26X2_writeCtrimFractEn
                0x0000326c       0x28 C:/ti/simplelink_cc13xx_cc26xx_sdk_6_20_00_29/source\ti/drivers/lib/gcc/m4f/drivers_cc13x2.a(PowerCC26X2_calibrateRCOSC_helpers.c.obj)
                0x0000326c                PowerCC26X2_writeCtrimFractEn
 .text.PowerCC26X2_writeRtrim
                0x00003294       0x28 C:/ti/simplelink_cc13xx_cc26xx_sdk_6_20_00_29/source\ti/drivers/lib/gcc/m4f/drivers_cc13x2.a(PowerCC26X2_calibrateRCOSC_helpers.c.obj)
                0x00003294                PowerCC26X2_writeRtrim
 .text.PowerCC26X2_setTdcClkSrc24M
                0x000032bc       0x3c C:/ti/simplelink_cc13xx_cc26xx_sdk_6_20_00_29/source\ti/drivers/lib/gcc/m4f/drivers_cc13x2.a(PowerCC26X2_calibrateRCOSC_helpers.c.obj)
                0x000032bc                PowerCC26X2_setTdcClkSrc24M
 .text.PowerCC26X2_setAclkRefSrc
                0x000032f8       0x40 C:/ti/simplelink_cc13xx_cc26xx_sdk_6_20_00_29/source\ti/drivers/lib/gcc/m4f/drivers_cc13x2.a(PowerCC26X2_calibrateRCOSC_helpers.c.obj)
                0x000032f8                PowerCC26X2_setAclkRefSrc
 .text.PowerCC26X2_oscCtlClearXtal
                0x00003338       0x10 C:/ti/simplelink_cc13xx_cc26xx_sdk_6_20_00_29/source\ti/drivers/lib/gcc/m4f/drivers_cc13x2.a(PowerCC26X2_helpers.c.obj)
                0x00003338                PowerCC26X2_oscCtlClearXtal
 .text.PowerCC26X2_prcmEnableCacheRetention
                0x00003348       0x10 C:/ti/simplelink_cc13xx_cc26xx_sdk_6_20_00_29/source\ti/drivers/lib/gcc/m4f/drivers_cc13x2.a(PowerCC26X2_helpers.c.obj)
                0x00003348                PowerCC26X2_prcmEnableCacheRetention
 .text.PowerCC26X2_oschfSwitchToRcosc
                0x00003358        0x4 C:/ti/simplelink_cc13xx_cc26xx_sdk_6_20_00_29/source\ti/drivers/lib/gcc/m4f/drivers_cc13x2.a(PowerCC26X2_helpers.c.obj)
                0x00003358                PowerCC26X2_oschfSwitchToRcosc
 .text.PowerCC26X2_oscClockSourceGet
                0x0000335c        0xc C:/ti/simplelink_cc13xx_cc26xx_sdk_6_20_00_29/source\ti/drivers/lib/gcc/m4f/drivers_cc13x2.a(PowerCC26X2_helpers.c.obj)
                0x0000335c                PowerCC26X2_oscClockSourceGet
 .text.PowerCC26X2_oscDisableQualifiers
                0x00003368       0x3c C:/ti/simplelink_cc13xx_cc26xx_sdk_6_20_00_29/source\ti/drivers/lib/gcc/m4f/drivers_cc13x2.a(PowerCC26X2_helpers.c.obj)
                0x00003368                PowerCC26X2_oscDisableQualifiers
 .text.PowerCC26X2_oschfTrySwitchToXosc
                0x000033a4        0x8 C:/ti/simplelink_cc13xx_cc26xx_sdk_6_20_00_29/source\ti/drivers/lib/gcc/m4f/drivers_cc13x2.a(PowerCC26X2_helpers.c.obj)
                0x000033a4                PowerCC26X2_oschfTrySwitchToXosc
 .text.PowerCC26X2_enableTCXOQual
                0x000033ac       0x20 C:/ti/simplelink_cc13xx_cc26xx_sdk_6_20_00_29/source\ti/drivers/lib/gcc/m4f/drivers_cc13x2.a(PowerCC26X2_helpers.c.obj)
                0x000033ac                PowerCC26X2_enableTCXOQual
 .text.PowerCC26X2_disableTCXOQual
                0x000033cc       0x20 C:/ti/simplelink_cc13xx_cc26xx_sdk_6_20_00_29/source\ti/drivers/lib/gcc/m4f/drivers_cc13x2.a(PowerCC26X2_helpers.c.obj)
                0x000033cc                PowerCC26X2_disableTCXOQual
 .text.PowerCC26X2_turnOnXosc
                0x000033ec        0x4 C:/ti/simplelink_cc13xx_cc26xx_sdk_6_20_00_29/source\ti/drivers/lib/gcc/m4f/drivers_cc13x2.a(PowerCC26X2_helpers.c.obj)
                0x000033ec                PowerCC26X2_turnOnXosc
 .text.PowerCC26X2_switchToTCXO
                0x000033f0       0x10 C:/ti/simplelink_cc13xx_cc26xx_sdk_6_20_00_29/source\ti/drivers/lib/gcc/m4f/drivers_cc13x2.a(PowerCC26X2_helpers.c.obj)
                0x000033f0                PowerCC26X2_switchToTCXO
 .text.PowerCC26X2_sysCtrlStandby
                0x00003400        0xc C:/ti/simplelink_cc13xx_cc26xx_sdk_6_20_00_29/source\ti/drivers/lib/gcc/m4f/drivers_cc13x2.a(PowerCC26X2_helpers.c.obj)
                0x00003400                PowerCC26X2_sysCtrlStandby
 .text.PowerCC26X2_sysCtrlVoltageConditionalControl
                0x0000340c        0xc C:/ti/simplelink_cc13xx_cc26xx_sdk_6_20_00_29/source\ti/drivers/lib/gcc/m4f/drivers_cc13x2.a(PowerCC26X2_helpers.c.obj)
                0x0000340c                PowerCC26X2_sysCtrlVoltageConditionalControl
 .text.PowerCC26X2_sysCtrlIdle
                0x00003418        0x4 C:/ti/simplelink_cc13xx_cc26xx_sdk_6_20_00_29/source\ti/drivers/lib/gcc/m4f/drivers_cc13x2.a(PowerCC26X2_helpers.c.obj)
                0x00003418                PowerCC26X2_sysCtrlIdle
 .text.PowerCC26X2_setSECDMADependency
                0x0000341c       0x60 C:/ti/simplelink_cc13xx_cc26xx_sdk_6_20_00_29/source\ti/drivers/lib/gcc/m4f/drivers_cc13x2.a(PowerCC26X2_helpers.c.obj)
                0x0000341c                PowerCC26X2_setSECDMADependency
 .text.PowerCC26X2_sysCtrlGetResetSource
                0x0000347c        0xc C:/ti/simplelink_cc13xx_cc26xx_sdk_6_20_00_29/source\ti/drivers/lib/gcc/m4f/drivers_cc13x2.a(PowerCC26X2_helpers.c.obj)
                0x0000347c                PowerCC26X2_sysCtrlGetResetSource
 .text.SPICC26X2DMA_init
                0x00003488        0xc C:/ti/simplelink_cc13xx_cc26xx_sdk_6_20_00_29/source\ti/drivers/lib/gcc/m4f/drivers_cc13x2.a(SPICC26X2DMA.c.obj)
                0x00003488                SPICC26X2DMA_init
 .text.configNextTransfer
                0x00003494      0x154 C:/ti/simplelink_cc13xx_cc26xx_sdk_6_20_00_29/source\ti/drivers/lib/gcc/m4f/drivers_cc13x2.a(SPICC26X2DMA.c.obj)
 .text.SPICC26X2DMA_control
                0x000035e8       0xc8 C:/ti/simplelink_cc13xx_cc26xx_sdk_6_20_00_29/source\ti/drivers/lib/gcc/m4f/drivers_cc13x2.a(SPICC26X2DMA.c.obj)
                0x000035e8                SPICC26X2DMA_control
 .text.blockingTransferCallback
                0x000036b0        0x8 C:/ti/simplelink_cc13xx_cc26xx_sdk_6_20_00_29/source\ti/drivers/lib/gcc/m4f/drivers_cc13x2.a(SPICC26X2DMA.c.obj)
 .text.flushFifos.isra.0
                0x000036b8       0x44 C:/ti/simplelink_cc13xx_cc26xx_sdk_6_20_00_29/source\ti/drivers/lib/gcc/m4f/drivers_cc13x2.a(SPICC26X2DMA.c.obj)
 .text.SPICC26X2DMA_close
                0x000036fc       0x74 C:/ti/simplelink_cc13xx_cc26xx_sdk_6_20_00_29/source\ti/drivers/lib/gcc/m4f/drivers_cc13x2.a(SPICC26X2DMA.c.obj)
                0x000036fc                SPICC26X2DMA_close
 .text.initHw.isra.0
                0x00003770       0x58 C:/ti/simplelink_cc13xx_cc26xx_sdk_6_20_00_29/source\ti/drivers/lib/gcc/m4f/drivers_cc13x2.a(SPICC26X2DMA.c.obj)
 .text.spiPostNotify
                0x000037c8       0x10 C:/ti/simplelink_cc13xx_cc26xx_sdk_6_20_00_29/source\ti/drivers/lib/gcc/m4f/drivers_cc13x2.a(SPICC26X2DMA.c.obj)
 .text.SPICC26X2DMA_open
                0x000037d8      0x1a0 C:/ti/simplelink_cc13xx_cc26xx_sdk_6_20_00_29/source\ti/drivers/lib/gcc/m4f/drivers_cc13x2.a(SPICC26X2DMA.c.obj)
                0x000037d8                SPICC26X2DMA_open
 .text.SPICC26X2DMA_transferCancel
                0x00003978      0x148 C:/ti/simplelink_cc13xx_cc26xx_sdk_6_20_00_29/source\ti/drivers/lib/gcc/m4f/drivers_cc13x2.a(SPICC26X2DMA.c.obj)
                0x00003978                SPICC26X2DMA_transferCancel
 .text.SPICC26X2DMA_hwiFxn
                0x00003ac0      0x1dc C:/ti/simplelink_cc13xx_cc26xx_sdk_6_20_00_29/source\ti/drivers/lib/gcc/m4f/drivers_cc13x2.a(SPICC26X2DMA.c.obj)
 .text.csnCallback
                0x00003c9c       0x70 C:/ti/simplelink_cc13xx_cc26xx_sdk_6_20_00_29/source\ti/drivers/lib/gcc/m4f/drivers_cc13x2.a(SPICC26X2DMA.c.obj)
 .text.SPICC26X2DMA_transfer
                0x00003d0c      0x338 C:/ti/simplelink_cc13xx_cc26xx_sdk_6_20_00_29/source\ti/drivers/lib/gcc/m4f/drivers_cc13x2.a(SPICC26X2DMA.c.obj)
                0x00003d0c                SPICC26X2DMA_transfer
 .text.SPICC26X2DMA_swiFxn
                0x00004044       0x4c C:/ti/simplelink_cc13xx_cc26xx_sdk_6_20_00_29/source\ti/drivers/lib/gcc/m4f/drivers_cc13x2.a(SPICC26X2DMA.c.obj)
 .text.List_put
                0x00004090       0x2c C:/ti/simplelink_cc13xx_cc26xx_sdk_6_20_00_29/source\ti/drivers/lib/gcc/m4f/drivers_cc13x2.a(List.c.obj)
                0x00004090                List_put
 .text.List_remove
                0x000040bc       0x30 C:/ti/simplelink_cc13xx_cc26xx_sdk_6_20_00_29/source\ti/drivers/lib/gcc/m4f/drivers_cc13x2.a(List.c.obj)
                0x000040bc                List_remove
 .text.RingBuf_construct
                0x000040ec       0x14 C:/ti/simplelink_cc13xx_cc26xx_sdk_6_20_00_29/source\ti/drivers/lib/gcc/m4f/drivers_cc13x2.a(RingBuf.c.obj)
                0x000040ec                RingBuf_construct
 .text.RingBuf_getConsume
                0x00004100       0x30 C:/ti/simplelink_cc13xx_cc26xx_sdk_6_20_00_29/source\ti/drivers/lib/gcc/m4f/drivers_cc13x2.a(RingBuf.c.obj)
                0x00004100                RingBuf_getConsume
 .text.RingBuf_getPointer
                0x00004130       0x28 C:/ti/simplelink_cc13xx_cc26xx_sdk_6_20_00_29/source\ti/drivers/lib/gcc/m4f/drivers_cc13x2.a(RingBuf.c.obj)
                0x00004130                RingBuf_getPointer
 .text.RingBuf_put
                0x00004158       0x48 C:/ti/simplelink_cc13xx_cc26xx_sdk_6_20_00_29/source\ti/drivers/lib/gcc/m4f/drivers_cc13x2.a(RingBuf.c.obj)
                0x00004158                RingBuf_put
 .text.RingBuf_putAdvance
                0x000041a0       0x3c C:/ti/simplelink_cc13xx_cc26xx_sdk_6_20_00_29/source\ti/drivers/lib/gcc/m4f/drivers_cc13x2.a(RingBuf.c.obj)
                0x000041a0                RingBuf_putAdvance
 .text.RingBuf_putPointer
                0x000041dc       0x34 C:/ti/simplelink_cc13xx_cc26xx_sdk_6_20_00_29/source\ti/drivers/lib/gcc/m4f/drivers_cc13x2.a(RingBuf.c.obj)
                0x000041dc                RingBuf_putPointer
 .text.UDMACC26XX_hwiIntFxn
                0x00004210        0xc C:/ti/simplelink_cc13xx_cc26xx_sdk_6_20_00_29/source\ti/drivers/lib/gcc/m4f/drivers_cc13x2.a(UDMACC26XX.c.obj)
                0x00004210                UDMACC26XX_hwiIntFxn
 .text.UDMACC26XX_open
                0x0000421c       0x6c C:/ti/simplelink_cc13xx_cc26xx_sdk_6_20_00_29/source\ti/drivers/lib/gcc/m4f/drivers_cc13x2.a(UDMACC26XX.c.obj)
                0x0000421c                UDMACC26XX_open
 .text.UDMACC26XX_close
                0x00004288       0x44 C:/ti/simplelink_cc13xx_cc26xx_sdk_6_20_00_29/source\ti/drivers/lib/gcc/m4f/drivers_cc13x2.a(UDMACC26XX.c.obj)
                0x00004288                UDMACC26XX_close
 .text.ClockP_construct
                0x000042cc       0x3c C:/ti/simplelink_cc13xx_cc26xx_sdk_6_20_00_29/kernel/tirtos7/packages\ti/dpl/lib/gcc/m4f/dpl_cc13x2.a(ClockP_tirtos.c.obj)
                0x000042cc                ClockP_construct
 .text.ClockP_destruct
                0x00004308        0x4 C:/ti/simplelink_cc13xx_cc26xx_sdk_6_20_00_29/kernel/tirtos7/packages\ti/dpl/lib/gcc/m4f/dpl_cc13x2.a(ClockP_tirtos.c.obj)
                0x00004308                ClockP_destruct
 .text.ClockP_getCpuFreq
                0x0000430c        0x4 C:/ti/simplelink_cc13xx_cc26xx_sdk_6_20_00_29/kernel/tirtos7/packages\ti/dpl/lib/gcc/m4f/dpl_cc13x2.a(ClockP_tirtos.c.obj)
                0x0000430c                ClockP_getCpuFreq
 .text.ClockP_getSystemTickPeriod
                0x00004310        0xc C:/ti/simplelink_cc13xx_cc26xx_sdk_6_20_00_29/kernel/tirtos7/packages\ti/dpl/lib/gcc/m4f/dpl_cc13x2.a(ClockP_tirtos.c.obj)
                0x00004310                ClockP_getSystemTickPeriod
 .text.ClockP_Params_init
                0x0000431c        0xc C:/ti/simplelink_cc13xx_cc26xx_sdk_6_20_00_29/kernel/tirtos7/packages\ti/dpl/lib/gcc/m4f/dpl_cc13x2.a(ClockP_tirtos.c.obj)
                0x0000431c                ClockP_Params_init
 .text.ClockP_setTimeout
                0x00004328        0x4 C:/ti/simplelink_cc13xx_cc26xx_sdk_6_20_00_29/kernel/tirtos7/packages\ti/dpl/lib/gcc/m4f/dpl_cc13x2.a(ClockP_tirtos.c.obj)
                0x00004328                ClockP_setTimeout
 .text.ClockP_start
                0x0000432c        0x4 C:/ti/simplelink_cc13xx_cc26xx_sdk_6_20_00_29/kernel/tirtos7/packages\ti/dpl/lib/gcc/m4f/dpl_cc13x2.a(ClockP_tirtos.c.obj)
                0x0000432c                ClockP_start
 .text.ClockP_stop
                0x00004330        0x4 C:/ti/simplelink_cc13xx_cc26xx_sdk_6_20_00_29/kernel/tirtos7/packages\ti/dpl/lib/gcc/m4f/dpl_cc13x2.a(ClockP_tirtos.c.obj)
                0x00004330                ClockP_stop
 .text.HwiP_clearInterrupt
                0x00004334        0x4 C:/ti/simplelink_cc13xx_cc26xx_sdk_6_20_00_29/kernel/tirtos7/packages\ti/dpl/lib/gcc/m4f/dpl_cc13x2.a(HwiP_tirtos.c.obj)
                0x00004334                HwiP_clearInterrupt
 .text.HwiP_construct
                0x00004338       0x38 C:/ti/simplelink_cc13xx_cc26xx_sdk_6_20_00_29/kernel/tirtos7/packages\ti/dpl/lib/gcc/m4f/dpl_cc13x2.a(HwiP_tirtos.c.obj)
                0x00004338                HwiP_construct
 .text.HwiP_destruct
                0x00004370        0x4 C:/ti/simplelink_cc13xx_cc26xx_sdk_6_20_00_29/kernel/tirtos7/packages\ti/dpl/lib/gcc/m4f/dpl_cc13x2.a(HwiP_tirtos.c.obj)
                0x00004370                HwiP_destruct
 .text.HwiP_disable
                0x00004374        0x4 C:/ti/simplelink_cc13xx_cc26xx_sdk_6_20_00_29/kernel/tirtos7/packages\ti/dpl/lib/gcc/m4f/dpl_cc13x2.a(HwiP_tirtos.c.obj)
                0x00004374                HwiP_disable
 .text.HwiP_disableInterrupt
                0x00004378        0x4 C:/ti/simplelink_cc13xx_cc26xx_sdk_6_20_00_29/kernel/tirtos7/packages\ti/dpl/lib/gcc/m4f/dpl_cc13x2.a(HwiP_tirtos.c.obj)
                0x00004378                HwiP_disableInterrupt
 .text.HwiP_enableInterrupt
                0x0000437c        0x4 C:/ti/simplelink_cc13xx_cc26xx_sdk_6_20_00_29/kernel/tirtos7/packages\ti/dpl/lib/gcc/m4f/dpl_cc13x2.a(HwiP_tirtos.c.obj)
                0x0000437c                HwiP_enableInterrupt
 .text.HwiP_interruptsEnabled
                0x00004380       0x14 C:/ti/simplelink_cc13xx_cc26xx_sdk_6_20_00_29/kernel/tirtos7/packages\ti/dpl/lib/gcc/m4f/dpl_cc13x2.a(HwiP_tirtos.c.obj)
                0x00004380                HwiP_interruptsEnabled
 .text.HwiP_Params_init
                0x00004394       0x10 C:/ti/simplelink_cc13xx_cc26xx_sdk_6_20_00_29/kernel/tirtos7/packages\ti/dpl/lib/gcc/m4f/dpl_cc13x2.a(HwiP_tirtos.c.obj)
                0x00004394                HwiP_Params_init
 .text.HwiP_restore
                0x000043a4        0x4 C:/ti/simplelink_cc13xx_cc26xx_sdk_6_20_00_29/kernel/tirtos7/packages\ti/dpl/lib/gcc/m4f/dpl_cc13x2.a(HwiP_tirtos.c.obj)
                0x000043a4                HwiP_restore
 .text.SemaphoreP_construct
                0x000043a8       0x34 C:/ti/simplelink_cc13xx_cc26xx_sdk_6_20_00_29/kernel/tirtos7/packages\ti/dpl/lib/gcc/m4f/dpl_cc13x2.a(SemaphoreP_tirtos.c.obj)
                0x000043a8                SemaphoreP_construct
 .text.SemaphoreP_constructBinary
                0x000043dc       0x2c C:/ti/simplelink_cc13xx_cc26xx_sdk_6_20_00_29/kernel/tirtos7/packages\ti/dpl/lib/gcc/m4f/dpl_cc13x2.a(SemaphoreP_tirtos.c.obj)
                0x000043dc                SemaphoreP_constructBinary
 .text.SemaphoreP_createBinary
                0x00004408       0x2c C:/ti/simplelink_cc13xx_cc26xx_sdk_6_20_00_29/kernel/tirtos7/packages\ti/dpl/lib/gcc/m4f/dpl_cc13x2.a(SemaphoreP_tirtos.c.obj)
                0x00004408                SemaphoreP_createBinary
 .text.SemaphoreP_delete
                0x00004434       0x14 C:/ti/simplelink_cc13xx_cc26xx_sdk_6_20_00_29/kernel/tirtos7/packages\ti/dpl/lib/gcc/m4f/dpl_cc13x2.a(SemaphoreP_tirtos.c.obj)
                0x00004434                SemaphoreP_delete
 .text.SemaphoreP_destruct
                0x00004448        0x4 C:/ti/simplelink_cc13xx_cc26xx_sdk_6_20_00_29/kernel/tirtos7/packages\ti/dpl/lib/gcc/m4f/dpl_cc13x2.a(SemaphoreP_tirtos.c.obj)
                0x00004448                SemaphoreP_destruct
 .text.SemaphoreP_pend
                0x0000444c       0x10 C:/ti/simplelink_cc13xx_cc26xx_sdk_6_20_00_29/kernel/tirtos7/packages\ti/dpl/lib/gcc/m4f/dpl_cc13x2.a(SemaphoreP_tirtos.c.obj)
                0x0000444c                SemaphoreP_pend
 .text.SemaphoreP_post
                0x0000445c        0x4 C:/ti/simplelink_cc13xx_cc26xx_sdk_6_20_00_29/kernel/tirtos7/packages\ti/dpl/lib/gcc/m4f/dpl_cc13x2.a(SemaphoreP_tirtos.c.obj)
                0x0000445c                SemaphoreP_post
 .text.SwiP_Params_init
                0x00004460       0x10 C:/ti/simplelink_cc13xx_cc26xx_sdk_6_20_00_29/kernel/tirtos7/packages\ti/dpl/lib/gcc/m4f/dpl_cc13x2.a(SwiP_tirtos.c.obj)
                0x00004460                SwiP_Params_init
 .text.SwiP_construct
                0x00004470       0x50 C:/ti/simplelink_cc13xx_cc26xx_sdk_6_20_00_29/kernel/tirtos7/packages\ti/dpl/lib/gcc/m4f/dpl_cc13x2.a(SwiP_tirtos.c.obj)
                0x00004470                SwiP_construct
 .text.SwiP_destruct
                0x000044c0        0x4 C:/ti/simplelink_cc13xx_cc26xx_sdk_6_20_00_29/kernel/tirtos7/packages\ti/dpl/lib/gcc/m4f/dpl_cc13x2.a(SwiP_tirtos.c.obj)
                0x000044c0                SwiP_destruct
 .text.SwiP_post
                0x000044c4        0x4 C:/ti/simplelink_cc13xx_cc26xx_sdk_6_20_00_29/kernel/tirtos7/packages\ti/dpl/lib/gcc/m4f/dpl_cc13x2.a(SwiP_tirtos.c.obj)
                0x000044c4                SwiP_post
 .text.SystemP_vsnprintf
                0x000044c8        0x4 C:/ti/simplelink_cc13xx_cc26xx_sdk_6_20_00_29/kernel/tirtos7/packages\ti/dpl/lib/gcc/m4f/dpl_cc13x2.a(SystemP_tirtos.c.obj)
                0x000044c8                SystemP_vsnprintf
 .text.PowerCC26XX_standbyPolicy
                0x000044cc       0xd4 C:/ti/simplelink_cc13xx_cc26xx_sdk_6_20_00_29/kernel/tirtos7/packages\ti/dpl/lib/gcc/m4f/dpl_cc13x2.a(PowerCC26X2_tirtos.c.obj)
                0x000044cc                PowerCC26XX_standbyPolicy
 .text.PowerCC26XX_schedulerDisable
                0x000045a0       0x1c C:/ti/simplelink_cc13xx_cc26xx_sdk_6_20_00_29/kernel/tirtos7/packages\ti/dpl/lib/gcc/m4f/dpl_cc13x2.a(PowerCC26X2_tirtos.c.obj)
                0x000045a0                PowerCC26XX_schedulerDisable
 .text.PowerCC26XX_schedulerRestore
                0x000045bc       0x20 C:/ti/simplelink_cc13xx_cc26xx_sdk_6_20_00_29/kernel/tirtos7/packages\ti/dpl/lib/gcc/m4f/dpl_cc13x2.a(PowerCC26X2_tirtos.c.obj)
                0x000045bc                PowerCC26XX_schedulerRestore
 .text.xdc_runtime_Startup_getState__I
                0x000045dc       0x7c C:\Users\bkuzi\workspace_v10\tirtos_builds_cc13x2_cc26x2_release_gcc\Debug\configPkg\package\cfg\release_pm4fg.om4fg
                0x000045dc                xdc_runtime_Startup_getState__I
 .text.xdc_runtime_Startup_exec__I
                0x00004658       0x18 C:\Users\bkuzi\workspace_v10\tirtos_builds_cc13x2_cc26x2_release_gcc\Debug\configPkg\package\cfg\release_pm4fg.om4fg
                0x00004658                xdc_runtime_Startup_exec__I
 .text.xdc_runtime_Text_visitRope__I
                0x00004670        0x8 C:\Users\bkuzi\workspace_v10\tirtos_builds_cc13x2_cc26x2_release_gcc\Debug\configPkg\package\cfg\release_pm4fg.om4fg
                0x00004670                xdc_runtime_Text_visitRope__I
 .text.xdc_runtime_System_SupportProxy_abort__E
                0x00004678        0x4 C:\Users\bkuzi\workspace_v10\tirtos_builds_cc13x2_cc26x2_release_gcc\Debug\configPkg\package\cfg\release_pm4fg.om4fg
                0x00004678                xdc_runtime_System_SupportProxy_abort__E
 .text.xdc_runtime_System_SupportProxy_exit__E
                0x0000467c        0x4 C:\Users\bkuzi\workspace_v10\tirtos_builds_cc13x2_cc26x2_release_gcc\Debug\configPkg\package\cfg\release_pm4fg.om4fg
                0x0000467c                xdc_runtime_System_SupportProxy_exit__E
 .text.xdc_runtime_System_SupportProxy_flush__E
                0x00004680        0x4 C:\Users\bkuzi\workspace_v10\tirtos_builds_cc13x2_cc26x2_release_gcc\Debug\configPkg\package\cfg\release_pm4fg.om4fg
                0x00004680                xdc_runtime_System_SupportProxy_flush__E
 .text.xdc_runtime_System_SupportProxy_putch__E
                0x00004684        0x4 C:\Users\bkuzi\workspace_v10\tirtos_builds_cc13x2_cc26x2_release_gcc\Debug\configPkg\package\cfg\release_pm4fg.om4fg
                0x00004684                xdc_runtime_System_SupportProxy_putch__E
 .text.xdc_runtime_System_SupportProxy_ready__E
                0x00004688        0x4 C:\Users\bkuzi\workspace_v10\tirtos_builds_cc13x2_cc26x2_release_gcc\Debug\configPkg\package\cfg\release_pm4fg.om4fg
                0x00004688                xdc_runtime_System_SupportProxy_ready__E
 *fill*         0x0000468c        0x4 
 .text.xdc_runtime_System_printfExtend__I
                0x00004690      0x17c C:\Users\bkuzi\workspace_v10\tirtos_builds_cc13x2_cc26x2_release_gcc\Debug\configPkg\package\cfg\release_pm4fg.om4fg
                0x00004690                xdc_runtime_System_printfExtend__I
 .text.ti_sysbios_knl_Clock_doTick__I
                0x0000480c       0x18 C:\Users\bkuzi\workspace_v10\tirtos_builds_cc13x2_cc26x2_release_gcc\Debug\configPkg\package\cfg\release_pm4fg.om4fg
                0x0000480c                ti_sysbios_knl_Clock_doTick__I
 .text.ti_sysbios_BIOS_startFunc__I
                0x00004824       0x2c C:\Users\bkuzi\workspace_v10\tirtos_builds_cc13x2_cc26x2_release_gcc\Debug\configPkg\package\cfg\release_pm4fg.om4fg
                0x00004824                ti_sysbios_BIOS_startFunc__I
 .text.ti_sysbios_BIOS_atExitFunc__I
                0x00004850       0x14 C:\Users\bkuzi\workspace_v10\tirtos_builds_cc13x2_cc26x2_release_gcc\Debug\configPkg\package\cfg\release_pm4fg.om4fg
                0x00004850                ti_sysbios_BIOS_atExitFunc__I
 .text.ti_sysbios_BIOS_exitFunc__I
                0x00004864       0x14 C:\Users\bkuzi\workspace_v10\tirtos_builds_cc13x2_cc26x2_release_gcc\Debug\configPkg\package\cfg\release_pm4fg.om4fg
                0x00004864                ti_sysbios_BIOS_exitFunc__I
 .text.ti_sysbios_rts_MemAlloc_alloc
                0x00004878       0x30 C:\Users\bkuzi\workspace_v10\tirtos_builds_cc13x2_cc26x2_release_gcc\Debug\configPkg\package\cfg\release_pm4fg.om4fg
 .text.xdc_runtime_System_SupportProxy_Module__startupDone__S
                0x000048a8        0x4 C:\Users\bkuzi\workspace_v10\tirtos_builds_cc13x2_cc26x2_release_gcc\Debug\configPkg\package\cfg\release_pm4fg.om4fg
                0x000048a8                xdc_runtime_System_SupportProxy_Module__startupDone__S
 .text.ti_sysbios_rom_cortexm_cc26xx_cc26x2v2_CC26xx_badRomRevision__E
                0x000048ac        0x4 C:\Users\bkuzi\workspace_v10\tirtos_builds_cc13x2_cc26x2_release_gcc\Debug\configPkg\package\cfg\release_pm4fg.om4fg
                0x000048ac                ti_sysbios_rom_cortexm_cc26xx_cc26x2v2_CC26xx_badRomRevision__E
 .text.xdc_runtime_Startup_reset__I
                0x000048b0       0x7c C:\Users\bkuzi\workspace_v10\tirtos_builds_cc13x2_cc26x2_release_gcc\Debug\configPkg\package\cfg\release_pm4fg.om4fg
                0x000048b0                xdc_runtime_Startup_reset__I
 .text.malloc   0x0000492c        0x4 C:\Users\bkuzi\workspace_v10\tirtos_builds_cc13x2_cc26x2_release_gcc\Debug\configPkg\package\cfg\release_pm4fg.om4fg
                0x0000492c                malloc
 .text.ti_sysbios_knl_Clock_getTicksUntilInterrupt__E
                0x00004930       0x2c C:\Users\bkuzi\workspace_v10\tirtos_builds_cc13x2_cc26x2_release_gcc\src\sysbios\rom_sysbios.am4fg(knl_Clock.o)
                0x00004930                ti_sysbios_knl_Clock_getTicksUntilInterrupt__E
 .text.ti_sysbios_knl_Queue_insert__E
                0x0000495c        0xc C:\Users\bkuzi\workspace_v10\tirtos_builds_cc13x2_cc26x2_release_gcc\src\sysbios\rom_sysbios.am4fg(knl_Queue.o)
                0x0000495c                ti_sysbios_knl_Queue_insert__E
 .text.ti_sysbios_knl_Swi_construct2__E
                0x00004968       0x1c C:\Users\bkuzi\workspace_v10\tirtos_builds_cc13x2_cc26x2_release_gcc\src\sysbios\rom_sysbios.am4fg(knl_Swi.o)
                0x00004968                ti_sysbios_knl_Swi_construct2__E
 .text.ti_sysbios_knl_Task_getArg1__E
                0x00004984        0x4 C:\Users\bkuzi\workspace_v10\tirtos_builds_cc13x2_cc26x2_release_gcc\src\sysbios\rom_sysbios.am4fg(knl_Task.o)
                0x00004984                ti_sysbios_knl_Task_getArg1__E
 .text.ti_sysbios_knl_Task_getEnv__E
                0x00004988        0x4 C:\Users\bkuzi\workspace_v10\tirtos_builds_cc13x2_cc26x2_release_gcc\src\sysbios\rom_sysbios.am4fg(knl_Task.o)
                0x00004988                ti_sysbios_knl_Task_getEnv__E
 .text.ti_sysbios_knl_Task_setPri__E
                0x0000498c       0xc0 C:\Users\bkuzi\workspace_v10\tirtos_builds_cc13x2_cc26x2_release_gcc\src\sysbios\rom_sysbios.am4fg(knl_Task.o)
                0x0000498c                ti_sysbios_knl_Task_setPri__E
 .text.ti_sysbios_family_arm_m3_Hwi_construct2__E
                0x00004a4c       0x48 C:\Users\bkuzi\workspace_v10\tirtos_builds_cc13x2_cc26x2_release_gcc\src\sysbios\rom_sysbios.am4fg(m3_Hwi.o)
                0x00004a4c                ti_sysbios_family_arm_m3_Hwi_construct2__E
 .text.ti_sysbios_family_arm_m3_Hwi_clearInterrupt__E
                0x00004a94       0x20 C:\Users\bkuzi\workspace_v10\tirtos_builds_cc13x2_cc26x2_release_gcc\src\sysbios\rom_sysbios.am4fg(m3_Hwi.o)
                0x00004a94                ti_sysbios_family_arm_m3_Hwi_clearInterrupt__E
 .text.ti_sysbios_family_arm_m3_Hwi_excHandlerMin__I
                0x00004ab4       0x88 C:\Users\bkuzi\workspace_v10\tirtos_builds_cc13x2_cc26x2_release_gcc\src\sysbios\rom_sysbios.am4fg(m3_Hwi.o)
                0x00004ab4                ti_sysbios_family_arm_m3_Hwi_excHandlerMin__I
 .text.ti_sysbios_family_arm_cc26xx_Boot_trimDevice
                0x00004b3c        0x4 C:\Users\bkuzi\workspace_v10\tirtos_builds_cc13x2_cc26x2_release_gcc\src\sysbios\rom_sysbios.am4fg(cc26xx_Boot.o)
                0x00004b3c                ti_sysbios_family_arm_cc26xx_Boot_trimDevice
 .text.ti_sysbios_family_arm_cc26xx_Timer_getMaxTicks__E
                0x00004b40       0x28 C:\Users\bkuzi\workspace_v10\tirtos_builds_cc13x2_cc26x2_release_gcc\src\sysbios\rom_sysbios.am4fg(cc26xx_Timer.o)
                0x00004b40                ti_sysbios_family_arm_cc26xx_Timer_getMaxTicks__E
 .text.ti_sysbios_family_arm_cc26xx_Timer_setThreshold__I
                0x00004b68       0x40 C:\Users\bkuzi\workspace_v10\tirtos_builds_cc13x2_cc26x2_release_gcc\src\sysbios\rom_sysbios.am4fg(cc26xx_Timer.o)
                0x00004b68                ti_sysbios_family_arm_cc26xx_Timer_setThreshold__I
 .text.ti_sysbios_family_arm_cc26xx_Timer_setNextTick__E
                0x00004ba8       0x2c C:\Users\bkuzi\workspace_v10\tirtos_builds_cc13x2_cc26x2_release_gcc\src\sysbios\rom_sysbios.am4fg(cc26xx_Timer.o)
                0x00004ba8                ti_sysbios_family_arm_cc26xx_Timer_setNextTick__E
 .text.ti_sysbios_family_arm_cc26xx_Timer_start__E
                0x00004bd4       0x9c C:\Users\bkuzi\workspace_v10\tirtos_builds_cc13x2_cc26x2_release_gcc\src\sysbios\rom_sysbios.am4fg(cc26xx_Timer.o)
                0x00004bd4                ti_sysbios_family_arm_cc26xx_Timer_start__E
 .text.ti_sysbios_family_arm_cc26xx_Timer_getCount64__E
                0x00004c70        0xc C:\Users\bkuzi\workspace_v10\tirtos_builds_cc13x2_cc26x2_release_gcc\src\sysbios\rom_sysbios.am4fg(cc26xx_Timer.o)
                0x00004c70                ti_sysbios_family_arm_cc26xx_Timer_getCount64__E
 .text.ti_sysbios_family_arm_cc26xx_Timer_dynamicStub__E
                0x00004c7c       0x18 C:\Users\bkuzi\workspace_v10\tirtos_builds_cc13x2_cc26x2_release_gcc\src\sysbios\rom_sysbios.am4fg(cc26xx_Timer.o)
                0x00004c7c                ti_sysbios_family_arm_cc26xx_Timer_dynamicStub__E
 .text.ti_sysbios_family_arm_cc26xx_Timer_getCurrentTick__E
                0x00004c94       0x2a C:\Users\bkuzi\workspace_v10\tirtos_builds_cc13x2_cc26x2_release_gcc\src\sysbios\rom_sysbios.am4fg(cc26xx_Timer.o)
                0x00004c94                ti_sysbios_family_arm_cc26xx_Timer_getCurrentTick__E
 *fill*         0x00004cbe        0x2 
 .text.ti_sysbios_family_arm_cc26xx_Timer_initDevice__I
                0x00004cc0       0x3c C:\Users\bkuzi\workspace_v10\tirtos_builds_cc13x2_cc26x2_release_gcc\src\sysbios\rom_sysbios.am4fg(cc26xx_Timer.o)
                0x00004cc0                ti_sysbios_family_arm_cc26xx_Timer_initDevice__I
 .text.ti_sysbios_family_arm_cc26xx_TimestampProvider_get32__E
                0x00004cfc       0x18 C:\Users\bkuzi\workspace_v10\tirtos_builds_cc13x2_cc26x2_release_gcc\src\sysbios\rom_sysbios.am4fg(cc26xx_TimestampProvider.o)
                0x00004cfc                ti_sysbios_family_arm_cc26xx_TimestampProvider_get32__E
 .text.ti_sysbios_heaps_HeapMem_initPrimary__I
                0x00004d14       0x60 C:\Users\bkuzi\workspace_v10\tirtos_builds_cc13x2_cc26x2_release_gcc\src\sysbios\rom_sysbios.am4fg(heaps_HeapMem.o)
                0x00004d14                ti_sysbios_heaps_HeapMem_initPrimary__I
 .text.ti_sysbios_heaps_HeapMem_allocUnprotected__E
                0x00004d74       0x68 C:\Users\bkuzi\workspace_v10\tirtos_builds_cc13x2_cc26x2_release_gcc\src\sysbios\rom_sysbios.am4fg(heaps_HeapMem.o)
                0x00004d74                ti_sysbios_heaps_HeapMem_allocUnprotected__E
 .text.ti_sysbios_heaps_HeapMem_alloc__E
                0x00004ddc       0x60 C:\Users\bkuzi\workspace_v10\tirtos_builds_cc13x2_cc26x2_release_gcc\src\sysbios\rom_sysbios.am4fg(heaps_HeapMem.o)
                0x00004ddc                ti_sysbios_heaps_HeapMem_alloc__E
 .text.ti_sysbios_rts_gnu_ReentSupport_Module_startup__E
                0x00004e3c        0x6 C:\Users\bkuzi\workspace_v10\tirtos_builds_cc13x2_cc26x2_release_gcc\src\sysbios\rom_sysbios.am4fg(gnu_ReentSupport_stub.o)
                0x00004e3c                ti_sysbios_rts_gnu_ReentSupport_Module_startup__E
 *fill*         0x00004e42        0x2 
 .text.xdc_runtime_Error_init__E
                0x00004e44       0x18 C:\Users\bkuzi\workspace_v10\tirtos_builds_cc13x2_cc26x2_release_gcc\src\sysbios\rom_sysbios.am4fg(runtime_Error.o)
                0x00004e44                xdc_runtime_Error_init__E
 .text.xdc_runtime_Error_policyMin__E
                0x00004e5c       0x20 C:\Users\bkuzi\workspace_v10\tirtos_builds_cc13x2_cc26x2_release_gcc\src\sysbios\rom_sysbios.am4fg(runtime_Error.o)
                0x00004e5c                xdc_runtime_Error_policyMin__E
 .text.xdc_runtime_System_formatNum__I
                0x00004e7c       0x64 C:\Users\bkuzi\workspace_v10\tirtos_builds_cc13x2_cc26x2_release_gcc\src\sysbios\rom_sysbios.am4fg(runtime_System.o)
                0x00004e7c                xdc_runtime_System_formatNum__I
 .text.xdc_runtime_SysCallback_defaultReady
                0x00004ee0        0x4 C:\Users\bkuzi\workspace_v10\tirtos_builds_cc13x2_cc26x2_release_gcc\src\sysbios\rom_sysbios.am4fg(runtime_SysCallback.o)
                0x00004ee0                xdc_runtime_SysCallback_defaultReady
 .text.xdc_runtime_SysCallback_defaultFlush
                0x00004ee4        0x2 C:\Users\bkuzi\workspace_v10\tirtos_builds_cc13x2_cc26x2_release_gcc\src\sysbios\rom_sysbios.am4fg(runtime_SysCallback.o)
                0x00004ee4                xdc_runtime_SysCallback_defaultFlush
 .text.xdc_runtime_SysCallback_defaultAbort
                0x00004ee6        0x2 C:\Users\bkuzi\workspace_v10\tirtos_builds_cc13x2_cc26x2_release_gcc\src\sysbios\rom_sysbios.am4fg(runtime_SysCallback.o)
                0x00004ee6                xdc_runtime_SysCallback_defaultAbort
 .text.xdc_runtime_SysCallback_defaultExit
                0x00004ee8        0x2 C:\Users\bkuzi\workspace_v10\tirtos_builds_cc13x2_cc26x2_release_gcc\src\sysbios\rom_sysbios.am4fg(runtime_SysCallback.o)
                0x00004ee8                xdc_runtime_SysCallback_defaultExit
 .text.xdc_runtime_SysCallback_defaultPutch
                0x00004eea        0x2 C:\Users\bkuzi\workspace_v10\tirtos_builds_cc13x2_cc26x2_release_gcc\src\sysbios\rom_sysbios.am4fg(runtime_SysCallback.o)
                0x00004eea                xdc_runtime_SysCallback_defaultPutch
 .text._pthread_delete
                0x00004eec       0x2c C:\Users\bkuzi\workspace_v10\tirtos_builds_cc13x2_cc26x2_release_gcc\src\sysbios\rom_sysbios.am4fg(tirtos_pthread.o)
 .text.pthread_attr_init
                0x00004f18       0x20 C:\Users\bkuzi\workspace_v10\tirtos_builds_cc13x2_cc26x2_release_gcc\src\sysbios\rom_sysbios.am4fg(tirtos_pthread.o)
                0x00004f18                pthread_attr_init
 .text.pthread_attr_setdetachstate
                0x00004f38        0xc C:\Users\bkuzi\workspace_v10\tirtos_builds_cc13x2_cc26x2_release_gcc\src\sysbios\rom_sysbios.am4fg(tirtos_pthread.o)
                0x00004f38                pthread_attr_setdetachstate
 .text.pthread_attr_setschedparam
                0x00004f44       0x10 C:\Users\bkuzi\workspace_v10\tirtos_builds_cc13x2_cc26x2_release_gcc\src\sysbios\rom_sysbios.am4fg(tirtos_pthread.o)
                0x00004f44                pthread_attr_setschedparam
 .text.pthread_attr_setstacksize
                0x00004f54        0x6 C:\Users\bkuzi\workspace_v10\tirtos_builds_cc13x2_cc26x2_release_gcc\src\sysbios\rom_sysbios.am4fg(tirtos_pthread.o)
                0x00004f54                pthread_attr_setstacksize
 *fill*         0x00004f5a        0x2 
 .text.pthread_create
                0x00004f5c       0xe4 C:\Users\bkuzi\workspace_v10\tirtos_builds_cc13x2_cc26x2_release_gcc\src\sysbios\rom_sysbios.am4fg(tirtos_pthread.o)
                0x00004f5c                pthread_create
 .text.pthread_self
                0x00005040        0xe C:\Users\bkuzi\workspace_v10\tirtos_builds_cc13x2_cc26x2_release_gcc\src\sysbios\rom_sysbios.am4fg(tirtos_pthread.o)
                0x00005040                pthread_self
 *fill*         0x0000504e        0x2 
 .text._pthread_cleanupFxn
                0x00005050       0x28 C:\Users\bkuzi\workspace_v10\tirtos_builds_cc13x2_cc26x2_release_gcc\src\sysbios\rom_sysbios.am4fg(tirtos_pthread.o)
                0x00005050                _pthread_cleanupFxn
 .text._pthread_cleanup_pop
                0x00005078       0x10 C:\Users\bkuzi\workspace_v10\tirtos_builds_cc13x2_cc26x2_release_gcc\src\sysbios\rom_sysbios.am4fg(tirtos_pthread.o)
                0x00005078                _pthread_cleanup_pop
 .text.pthread_exit
                0x00005088       0x58 C:\Users\bkuzi\workspace_v10\tirtos_builds_cc13x2_cc26x2_release_gcc\src\sysbios\rom_sysbios.am4fg(tirtos_pthread.o)
                0x00005088                pthread_exit
 .text._pthread_runStub
                0x000050e0       0x16 C:\Users\bkuzi\workspace_v10\tirtos_builds_cc13x2_cc26x2_release_gcc\src\sysbios\rom_sysbios.am4fg(tirtos_pthread.o)
 .text.pthread_setcancelstate
                0x000050f6       0x2a C:\Users\bkuzi\workspace_v10\tirtos_builds_cc13x2_cc26x2_release_gcc\src\sysbios\rom_sysbios.am4fg(tirtos_pthread.o)
                0x000050f6                pthread_setcancelstate
 .text._pthread_removeThreadKeys
                0x00005120       0x88 C:\Users\bkuzi\workspace_v10\tirtos_builds_cc13x2_cc26x2_release_gcc\src\sysbios\rom_sysbios.am4fg(tirtos_pthread_key.o)
                0x00005120                _pthread_removeThreadKeys
 .text.startupC
                0x000051a8       0x98 C:\ti\simplelink_cc13xx_cc26xx_sdk_6_20_00_29\kernel\tirtos\packages\gnu\targets\arm\rtsv7M\lib\boot.am4fg(startup.om4fg)
                0x000051a8                startupC
 .text._fini    0x00005240        0x4 C:\ti\simplelink_cc13xx_cc26xx_sdk_6_20_00_29\kernel\tirtos\packages\gnu\targets\arm\rtsv7M\lib\boot.am4fg(startup.om4fg)
                0x00005240                _fini
 .text.TrimAfterColdResetWakeupFromShutDown
                0x00005244       0xd0 C:/ti/simplelink_cc13xx_cc26xx_sdk_6_20_00_29/source\ti/devices/cc13x2_cc26x2/driverlib/bin/gcc/driverlib.lib(setup.o)
 .text.NOROM_SetupTrimDevice
                0x00005314       0xc4 C:/ti/simplelink_cc13xx_cc26xx_sdk_6_20_00_29/source\ti/devices/cc13x2_cc26x2/driverlib/bin/gcc/driverlib.lib(setup.o)
                0x00005314                NOROM_SetupTrimDevice
 .text.NOROM_AUXSYSIFOpModeChange
                0x000053d8       0x3c C:/ti/simplelink_cc13xx_cc26xx_sdk_6_20_00_29/source\ti/devices/cc13x2_cc26x2/driverlib/bin/gcc/driverlib.lib(aux_sysif.o)
                0x000053d8                NOROM_AUXSYSIFOpModeChange
 .text.NOROM_SysCtrlIdle
                0x00005414       0x38 C:/ti/simplelink_cc13xx_cc26xx_sdk_6_20_00_29/source\ti/devices/cc13x2_cc26x2/driverlib/bin/gcc/driverlib.lib(sys_ctrl.o)
                0x00005414                NOROM_SysCtrlIdle
 .text.NOROM_SysCtrlSetRechargeBeforePowerDown
                0x0000544c       0x80 C:/ti/simplelink_cc13xx_cc26xx_sdk_6_20_00_29/source\ti/devices/cc13x2_cc26x2/driverlib/bin/gcc/driverlib.lib(sys_ctrl.o)
                0x0000544c                NOROM_SysCtrlSetRechargeBeforePowerDown
 .text.NOROM_SysCtrlStandby
                0x000054cc       0xfc C:/ti/simplelink_cc13xx_cc26xx_sdk_6_20_00_29/source\ti/devices/cc13x2_cc26x2/driverlib/bin/gcc/driverlib.lib(sys_ctrl.o)
                0x000054cc                NOROM_SysCtrlStandby
 .text.NOROM_CPUcpsid
                0x000055c8        0x8 C:/ti/simplelink_cc13xx_cc26xx_sdk_6_20_00_29/source\ti/devices/cc13x2_cc26x2/driverlib/bin/gcc/driverlib.lib(cpu.o)
                0x000055c8                NOROM_CPUcpsid
 .text.NOROM_CPUcpsie
                0x000055d0        0x8 C:/ti/simplelink_cc13xx_cc26xx_sdk_6_20_00_29/source\ti/devices/cc13x2_cc26x2/driverlib/bin/gcc/driverlib.lib(cpu.o)
                0x000055d0                NOROM_CPUcpsie
 .text.NOROM_CPUdelay
                0x000055d8        0x6 C:/ti/simplelink_cc13xx_cc26xx_sdk_6_20_00_29/source\ti/devices/cc13x2_cc26x2/driverlib/bin/gcc/driverlib.lib(cpu.o)
                0x000055d8                NOROM_CPUdelay
 *fill*         0x000055de        0x2 
 .text.OSCHfSourceSwitch
                0x000055e0       0x34 C:/ti/simplelink_cc13xx_cc26xx_sdk_6_20_00_29/source\ti/devices/cc13x2_cc26x2/driverlib/bin/gcc/driverlib.lib(osc.o)
 .text.InternCapArrayAdjustWithBaseline7001F
                0x00005614       0x2c C:/ti/simplelink_cc13xx_cc26xx_sdk_6_20_00_29/source\ti/devices/cc13x2_cc26x2/driverlib/bin/gcc/driverlib.lib(osc.o)
 .text.SpecialCapArrayWorkaroundEnabledAndNeeded
                0x00005640       0x30 C:/ti/simplelink_cc13xx_cc26xx_sdk_6_20_00_29/source\ti/devices/cc13x2_cc26x2/driverlib/bin/gcc/driverlib.lib(osc.o)
 .text.NOROM_OSCHF_TurnOnXosc
                0x00005670       0x24 C:/ti/simplelink_cc13xx_cc26xx_sdk_6_20_00_29/source\ti/devices/cc13x2_cc26x2/driverlib/bin/gcc/driverlib.lib(osc.o)
                0x00005670                NOROM_OSCHF_TurnOnXosc
 .text.NOROM_OSCHF_AttemptToSwitchToXosc
                0x00005694       0x6c C:/ti/simplelink_cc13xx_cc26xx_sdk_6_20_00_29/source\ti/devices/cc13x2_cc26x2/driverlib/bin/gcc/driverlib.lib(osc.o)
                0x00005694                NOROM_OSCHF_AttemptToSwitchToXosc
 .text.NOROM_OSCHF_SwitchToRcOscTurnOffXosc
                0x00005700       0x40 C:/ti/simplelink_cc13xx_cc26xx_sdk_6_20_00_29/source\ti/devices/cc13x2_cc26x2/driverlib/bin/gcc/driverlib.lib(osc.o)
                0x00005700                NOROM_OSCHF_SwitchToRcOscTurnOffXosc
 .text.NOROM_OSC_CapArrayAdjustWorkaround_Boot
                0x00005740       0x28 C:/ti/simplelink_cc13xx_cc26xx_sdk_6_20_00_29/source\ti/devices/cc13x2_cc26x2/driverlib/bin/gcc/driverlib.lib(osc.o)
                0x00005740                NOROM_OSC_CapArrayAdjustWorkaround_Boot
 .text.NOROM_OSC_HPOSCRelativeFrequencyOffsetGet
                0x00005768       0x40 C:/ti/simplelink_cc13xx_cc26xx_sdk_6_20_00_29/source\ti/devices/cc13x2_cc26x2/driverlib/bin/gcc/driverlib.lib(osc.o)
                0x00005768                NOROM_OSC_HPOSCRelativeFrequencyOffsetGet
 .text.NOROM_PRCMPowerDomainsAllOff
                0x000057a8       0x48 C:/ti/simplelink_cc13xx_cc26xx_sdk_6_20_00_29/source\ti/devices/cc13x2_cc26x2/driverlib/bin/gcc/driverlib.lib(prcm.o)
                0x000057a8                NOROM_PRCMPowerDomainsAllOff
 .text.NOROM_PRCMPowerDomainsAllOn
                0x000057f0       0x44 C:/ti/simplelink_cc13xx_cc26xx_sdk_6_20_00_29/source\ti/devices/cc13x2_cc26x2/driverlib/bin/gcc/driverlib.lib(prcm.o)
                0x000057f0                NOROM_PRCMPowerDomainsAllOn
 .text.NOROM_ChipInfo_GetChipFamily
                0x00005834       0x1c C:/ti/simplelink_cc13xx_cc26xx_sdk_6_20_00_29/source\ti/devices/cc13x2_cc26x2/driverlib/bin/gcc/driverlib.lib(chipinfo.o)
                0x00005834                NOROM_ChipInfo_GetChipFamily
 .text.NOROM_ChipInfo_GetHwRevision
                0x00005850       0x48 C:/ti/simplelink_cc13xx_cc26xx_sdk_6_20_00_29/source\ti/devices/cc13x2_cc26x2/driverlib/bin/gcc/driverlib.lib(chipinfo.o)
                0x00005850                NOROM_ChipInfo_GetHwRevision
 .text.NOROM_ThisLibraryIsFor_CC13x2_CC26x2_HwRev20AndLater_HaltIfViolated
                0x00005898       0x16 C:/ti/simplelink_cc13xx_cc26xx_sdk_6_20_00_29/source\ti/devices/cc13x2_cc26x2/driverlib/bin/gcc/driverlib.lib(chipinfo.o)
                0x00005898                NOROM_ThisLibraryIsFor_CC13x2_CC26x2_HwRev20AndLater_HaltIfViolated
 *fill*         0x000058ae        0x2 
 .text.__getreent
                0x000058b0        0xc C:/ti/simplelink_cc13xx_cc26xx_sdk_6_20_00_29/kernel/tirtos/packages/gnu/targets/arm/libs/install-native/arm-none-eabi/lib/thumb/v7e-m/hard\libc_nano.a(lib_a-getreent.o)
                0x000058b0                __getreent
 .text.memcpy   0x000058bc       0x1c C:/ti/simplelink_cc13xx_cc26xx_sdk_6_20_00_29/kernel/tirtos/packages/gnu/targets/arm/libs/install-native/arm-none-eabi/lib/thumb/v7e-m/hard\libc_nano.a(lib_a-memcpy-stub.o)
                0x000058bc                memcpy
 .text.memset   0x000058d8       0x10 C:/ti/simplelink_cc13xx_cc26xx_sdk_6_20_00_29/kernel/tirtos/packages/gnu/targets/arm/libs/install-native/arm-none-eabi/lib/thumb/v7e-m/hard\libc_nano.a(lib_a-memset.o)
                0x000058d8                memset
 .text.srand    0x000058e8       0x48 C:/ti/simplelink_cc13xx_cc26xx_sdk_6_20_00_29/kernel/tirtos/packages/gnu/targets/arm/libs/install-native/arm-none-eabi/lib/thumb/v7e-m/hard\libc_nano.a(lib_a-rand.o)
                0x000058e8                srand
 .text.rand     0x00005930       0x68 C:/ti/simplelink_cc13xx_cc26xx_sdk_6_20_00_29/kernel/tirtos/packages/gnu/targets/arm/libs/install-native/arm-none-eabi/lib/thumb/v7e-m/hard\libc_nano.a(lib_a-rand.o)
                0x00005930                rand
 .text.rand.__stub
                0x00005998      0x228 linker stubs
                0x00005bc0                . = ALIGN (0x4)
 *(.ctors)
                0x00005bc0                . = ALIGN (0x4)
 *(.dtors)
                0x00005bc0                . = ALIGN (0x4)
                0x00005bc0                __init_array_start = .
 *(.init_array*)
                0x00005bc0                __init_array_end = .
 *(.init)
 *(.fini*)
                [!provide]                PROVIDE (__etext = .)
                [!provide]                PROVIDE (_etext = .)
                [!provide]                PROVIDE (etext = .)

.glue_7         0x00005bc0        0x0
 .glue_7        0x00005bc0        0x0 linker stubs

.glue_7t        0x00005bc0        0x0
 .glue_7t       0x00005bc0        0x0 linker stubs

.vfp11_veneer   0x00005bc0        0x0
 .vfp11_veneer  0x00005bc0        0x0 linker stubs

.v4_bx          0x00005bc0        0x0
 .v4_bx         0x00005bc0        0x0 linker stubs

.iplt           0x00005bc0        0x0
 .iplt          0x00005bc0        0x0 ./AD5940_SPI.o

.c_int00        0x00005bc0       0x44
 .c_int00       0x00005bc0       0x44 C:\ti\simplelink_cc13xx_cc26xx_sdk_6_20_00_29\kernel\tirtos\packages\gnu\targets\arm\rtsv7M\lib\boot.am4fg(boot.om4fg)
                0x00005bc0                _c_int00
                0x00005bea                _reset_fxns_done_

.rodata         0x00005c04      0xa45
 *(.rodata)
 .rodata        0x00005c04      0x19c ./ad5940.o
 *(.rodata.*)
 .rodata.AD5940_Main.str1.4
                0x00005da0       0xde ./AD5940_SPI.o
 *fill*         0x00005e7e        0x2 
 .rodata.AD5940_ReadWriteNBytes.str1.4
                0x00005e80       0x35 ./ADICUP3029Port.o
 *fill*         0x00005eb5        0x3 
 .rodata.AD5940_MCUResourceInit.str1.4
                0x00005eb8       0x38 ./ADICUP3029Port.o
 .rodata.mainThread.str1.4
                0x00005ef0       0x91 ./spimaster.o
 *fill*         0x00005f81        0x3 
 .rodata.Display_config
                0x00005f84        0xc ./syscfg/ti_drivers_config.o
                0x00005f84                Display_config
 .rodata.Display_count
                0x00005f90        0x1 ./syscfg/ti_drivers_config.o
                0x00005f90                Display_count
 *fill*         0x00005f91        0x3 
 .rodata.GPIO_config
                0x00005f94       0x10 ./syscfg/ti_drivers_config.o
                0x00005f94                GPIO_config
 .rodata.GPIO_pinLowerBound
                0x00005fa4        0x1 ./syscfg/ti_drivers_config.o
                0x00005fa4                GPIO_pinLowerBound
 .rodata.GPIO_pinUpperBound
                0x00005fa5        0x1 ./syscfg/ti_drivers_config.o
                0x00005fa5                GPIO_pinUpperBound
 *fill*         0x00005fa6        0x2 
 .rodata.PowerCC26X2_config
                0x00005fa8       0x14 ./syscfg/ti_drivers_config.o
                0x00005fa8                PowerCC26X2_config
 .rodata.SPI_config
                0x00005fbc        0xc ./syscfg/ti_drivers_config.o
                0x00005fbc                SPI_config
 .rodata.SPI_count
                0x00005fc8        0x1 ./syscfg/ti_drivers_config.o
                0x00005fc8                SPI_count
 *fill*         0x00005fc9        0x3 
 .rodata.UART2_config
                0x00005fcc        0x8 ./syscfg/ti_drivers_config.o
                0x00005fcc                UART2_config
 .rodata.UART2_count
                0x00005fd4        0x1 ./syscfg/ti_drivers_config.o
                0x00005fd4                UART2_count
 *fill*         0x00005fd5        0x3 
 .rodata.UDMACC26XX_config
                0x00005fd8        0x8 ./syscfg/ti_drivers_config.o
                0x00005fd8                UDMACC26XX_config
 .rodata.displayUart2HWAttrs
                0x00005fe0       0x14 ./syscfg/ti_drivers_config.o
                0x00005fe0                displayUart2HWAttrs
 .rodata.spiCC26X2DMAHWAttrs
                0x00005ff4       0x40 ./syscfg/ti_drivers_config.o
                0x00005ff4                spiCC26X2DMAHWAttrs
 .rodata.uart2CC26X2HWAttrs
                0x00006034       0x58 ./syscfg/ti_drivers_config.o
 .rodata.udmaCC26XXHWAttrs
                0x0000608c        0x8 ./syscfg/ti_drivers_config.o
                0x0000608c                udmaCC26XXHWAttrs
 .rodata.Display_defaultParams
                0x00006094        0x1 C:/ti/simplelink_cc13xx_cc26xx_sdk_6_20_00_29/source\ti/display/lib/gcc/m4f/display_cc13x2.a(Display.c.obj)
                0x00006094                Display_defaultParams
 *fill*         0x00006095        0x3 
 .rodata.DisplayUart2Min_fxnTable
                0x00006098       0x20 C:/ti/simplelink_cc13xx_cc26xx_sdk_6_20_00_29/source\ti/display/lib/gcc/m4f/display_cc13x2.a(DisplayUart2.c.obj)
                0x00006098                DisplayUart2Min_fxnTable
 .rodata.resourceDB
                0x000060b8       0x54 C:/ti/simplelink_cc13xx_cc26xx_sdk_6_20_00_29/source\ti/drivers/lib/gcc/m4f/drivers_cc13x2.a(PowerCC26X2.c.obj)
                0x000060b8                resourceDB
 .rodata.SPI_defaultParams
                0x0000610c       0x20 C:/ti/simplelink_cc13xx_cc26xx_sdk_6_20_00_29/source\ti/drivers/lib/gcc/m4f/drivers_cc13x2.a(SPI.c.obj)
                0x0000610c                SPI_defaultParams
 .rodata.UART2_defaultParams
                0x0000612c       0x24 C:/ti/simplelink_cc13xx_cc26xx_sdk_6_20_00_29/source\ti/drivers/lib/gcc/m4f/drivers_cc13x2.a(UART2.c.obj)
                0x0000612c                UART2_defaultParams
 .rodata.dataLength
                0x00006150        0x4 C:/ti/simplelink_cc13xx_cc26xx_sdk_6_20_00_29/source\ti/drivers/lib/gcc/m4f/drivers_cc13x2.a(UART2CC26X2.c.obj)
 .rodata.parityType
                0x00006154        0x5 C:/ti/simplelink_cc13xx_cc26xx_sdk_6_20_00_29/source\ti/drivers/lib/gcc/m4f/drivers_cc13x2.a(UART2CC26X2.c.obj)
 *fill*         0x00006159        0x3 
 .rodata.rxFifoThreshold
                0x0000615c        0x5 C:/ti/simplelink_cc13xx_cc26xx_sdk_6_20_00_29/source\ti/drivers/lib/gcc/m4f/drivers_cc13x2.a(UART2CC26X2.c.obj)
 *fill*         0x00006161        0x3 
 .rodata.stopBits
                0x00006164        0x2 C:/ti/simplelink_cc13xx_cc26xx_sdk_6_20_00_29/source\ti/drivers/lib/gcc/m4f/drivers_cc13x2.a(UART2CC26X2.c.obj)
 *fill*         0x00006166        0x2 
 .rodata.txFifoThreshold
                0x00006168        0x5 C:/ti/simplelink_cc13xx_cc26xx_sdk_6_20_00_29/source\ti/drivers/lib/gcc/m4f/drivers_cc13x2.a(UART2CC26X2.c.obj)
 *fill*         0x0000616d        0x3 
 .rodata.SPICC26X2DMA_fxnTable
                0x00006170       0x18 C:/ti/simplelink_cc13xx_cc26xx_sdk_6_20_00_29/source\ti/drivers/lib/gcc/m4f/drivers_cc13x2.a(SPICC26X2DMA.c.obj)
                0x00006170                SPICC26X2DMA_fxnTable
 .rodata.dmaNullConfig
                0x00006188        0x8 C:/ti/simplelink_cc13xx_cc26xx_sdk_6_20_00_29/source\ti/drivers/lib/gcc/m4f/drivers_cc13x2.a(SPICC26X2DMA.c.obj)
 .rodata.dmaRxConfig
                0x00006190        0x8 C:/ti/simplelink_cc13xx_cc26xx_sdk_6_20_00_29/source\ti/drivers/lib/gcc/m4f/drivers_cc13x2.a(SPICC26X2DMA.c.obj)
 .rodata.dmaTxConfig
                0x00006198        0x8 C:/ti/simplelink_cc13xx_cc26xx_sdk_6_20_00_29/source\ti/drivers/lib/gcc/m4f/drivers_cc13x2.a(SPICC26X2DMA.c.obj)
 .rodata.frameFormat
                0x000061a0       0x18 C:/ti/simplelink_cc13xx_cc26xx_sdk_6_20_00_29/source\ti/drivers/lib/gcc/m4f/drivers_cc13x2.a(SPICC26X2DMA.c.obj)
 .rodata.xdc_runtime_System_printfExtend__I.str1.4
                0x000061b8        0x8 C:\Users\bkuzi\workspace_v10\tirtos_builds_cc13x2_cc26x2_release_gcc\Debug\configPkg\package\cfg\release_pm4fg.om4fg
 .rodata.str1.4
                0x000061c0       0x48 C:\Users\bkuzi\workspace_v10\tirtos_builds_cc13x2_cc26x2_release_gcc\Debug\configPkg\package\cfg\release_pm4fg.om4fg
 .rodata.xdc_runtime_System_formatNum__I.str1.1
                0x00006208       0x11 C:\Users\bkuzi\workspace_v10\tirtos_builds_cc13x2_cc26x2_release_gcc\src\sysbios\rom_sysbios.am4fg(runtime_System.o)
 .rodata.g_OpMode_to_order
                0x00006219        0x4 C:/ti/simplelink_cc13xx_cc26xx_sdk_6_20_00_29/source\ti/devices/cc13x2_cc26x2/driverlib/bin/gcc/driverlib.lib(aux_sysif.o)
 .rodata.g_Order_to_OpMode
                0x0000621d        0x4 C:/ti/simplelink_cc13xx_cc26xx_sdk_6_20_00_29/source\ti/devices/cc13x2_cc26x2/driverlib/bin/gcc/driverlib.lib(aux_sysif.o)
 *(.rodata_*)
 *fill*         0x00006221        0x3 
 .rodata_ROM_constStruct
                0x00006224      0x3b8 C:\Users\bkuzi\workspace_v10\tirtos_builds_cc13x2_cc26x2_release_gcc\Debug\configPkg\package\cfg\release_pm4fg.om4fg
                0x00006224                ROM_constStruct
 .rodata_ti_sysbios_family_arm_m3_Hwi_E_exception__C
                0x000065dc        0x4 C:\Users\bkuzi\workspace_v10\tirtos_builds_cc13x2_cc26x2_release_gcc\Debug\configPkg\package\cfg\release_pm4fg.om4fg
                0x000065dc                ti_sysbios_family_arm_m3_Hwi_E_exception__C
 .rodata_ti_sysbios_family_arm_m3_Hwi_excHookFuncs__A
                0x000065e0        0x8 C:\Users\bkuzi\workspace_v10\tirtos_builds_cc13x2_cc26x2_release_gcc\Debug\configPkg\package\cfg\release_pm4fg.om4fg
                0x000065e0                ti_sysbios_family_arm_m3_Hwi_excHookFuncs__A
 .rodata_ti_sysbios_heaps_HeapMem_primaryHeapBaseAddr__C
                0x000065e8        0x4 C:\Users\bkuzi\workspace_v10\tirtos_builds_cc13x2_cc26x2_release_gcc\Debug\configPkg\package\cfg\release_pm4fg.om4fg
                0x000065e8                ti_sysbios_heaps_HeapMem_primaryHeapBaseAddr__C
 .rodata_ti_sysbios_heaps_HeapMem_primaryHeapEndAddr__C
                0x000065ec        0x4 C:\Users\bkuzi\workspace_v10\tirtos_builds_cc13x2_cc26x2_release_gcc\Debug\configPkg\package\cfg\release_pm4fg.om4fg
                0x000065ec                ti_sysbios_heaps_HeapMem_primaryHeapEndAddr__C
 .rodata_ti_sysbios_knl_Clock_tickPeriod__C
                0x000065f0        0x4 C:\Users\bkuzi\workspace_v10\tirtos_builds_cc13x2_cc26x2_release_gcc\Debug\configPkg\package\cfg\release_pm4fg.om4fg
                0x000065f0                ti_sysbios_knl_Clock_tickPeriod__C
 .rodata_ti_sysbios_knl_Idle_funcList__A
                0x000065f4        0x8 C:\Users\bkuzi\workspace_v10\tirtos_builds_cc13x2_cc26x2_release_gcc\Debug\configPkg\package\cfg\release_pm4fg.om4fg
                0x000065f4                ti_sysbios_knl_Idle_funcList__A
 .rodata_ti_sysbios_knl_Task_Object__heap__C
                0x000065fc        0x4 C:\Users\bkuzi\workspace_v10\tirtos_builds_cc13x2_cc26x2_release_gcc\Debug\configPkg\package\cfg\release_pm4fg.om4fg
                0x000065fc                ti_sysbios_knl_Task_Object__heap__C
 .rodata_xdc_runtime_Startup_firstFxns__A
                0x00006600        0xc C:\Users\bkuzi\workspace_v10\tirtos_builds_cc13x2_cc26x2_release_gcc\Debug\configPkg\package\cfg\release_pm4fg.om4fg
                0x00006600                xdc_runtime_Startup_firstFxns__A
 .rodata_xdc_runtime_Startup_sfxnRts__A
                0x0000660c       0x14 C:\Users\bkuzi\workspace_v10\tirtos_builds_cc13x2_cc26x2_release_gcc\Debug\configPkg\package\cfg\release_pm4fg.om4fg
                0x0000660c                xdc_runtime_Startup_sfxnRts__A
 .rodata_xdc_runtime_Startup_sfxnTab__A
                0x00006620       0x28 C:\Users\bkuzi\workspace_v10\tirtos_builds_cc13x2_cc26x2_release_gcc\Debug\configPkg\package\cfg\release_pm4fg.om4fg
                0x00006620                xdc_runtime_Startup_sfxnTab__A
 .rodata_xdc_runtime_Text_charTab__A
                0x00006648        0x1 C:\Users\bkuzi\workspace_v10\tirtos_builds_cc13x2_cc26x2_release_gcc\Debug\configPkg\package\cfg\release_pm4fg.om4fg
                0x00006648                xdc_runtime_Text_charTab__A

.const_ROM_externFuncPtrs
                0x0000664c       0x48
 .const_ROM_externFuncPtrs
                0x0000664c       0x48 C:\Users\bkuzi\workspace_v10\tirtos_builds_cc13x2_cc26x2_release_gcc\Debug\configPkg\package\cfg\release_pm4fg.om4fg
                0x0000664c                ROM_externFuncPtrs

.data           0x20001a50      0x498 load address 0x00006694
                0x00006694                __data_load__ = LOADADDR (.data)
                0x20001a50                __data_start__ = .
 *(.data)
 *(.data.*)
 .data.gpioPinConfigs
                0x20001a50       0x7c ./syscfg/ti_drivers_config.o
                0x20001a50                gpioPinConfigs
 .data.PowerCC26X2_module
                0x20001acc      0x174 C:/ti/simplelink_cc13xx_cc26xx_sdk_6_20_00_29/source\ti/drivers/lib/gcc/m4f/drivers_cc13x2.a(PowerCC26X2.c.obj)
                0x20001acc                PowerCC26X2_module
 .data.ti_sysbios_family_arm_cc26xx_Timer_Object__table__V
                0x20001c40       0x48 C:\Users\bkuzi\workspace_v10\tirtos_builds_cc13x2_cc26x2_release_gcc\Debug\configPkg\package\cfg\release_pm4fg.om4fg
                0x20001c40                ti_sysbios_family_arm_cc26xx_Timer_Object__table__V
 .data.ti_sysbios_family_arm_m3_Hwi_Module__root__V
                0x20001c88        0x8 C:\Users\bkuzi\workspace_v10\tirtos_builds_cc13x2_cc26x2_release_gcc\Debug\configPkg\package\cfg\release_pm4fg.om4fg
                0x20001c88                ti_sysbios_family_arm_m3_Hwi_Module__root__V
 .data.ti_sysbios_family_arm_m3_Hwi_Object__table__V
                0x20001c90       0x18 C:\Users\bkuzi\workspace_v10\tirtos_builds_cc13x2_cc26x2_release_gcc\Debug\configPkg\package\cfg\release_pm4fg.om4fg
                0x20001c90                ti_sysbios_family_arm_m3_Hwi_Object__table__V
 .data.ti_sysbios_gates_GateHwi_Module__root__V
                0x20001ca8        0x8 C:\Users\bkuzi\workspace_v10\tirtos_builds_cc13x2_cc26x2_release_gcc\Debug\configPkg\package\cfg\release_pm4fg.om4fg
                0x20001ca8                ti_sysbios_gates_GateHwi_Module__root__V
 .data.ti_sysbios_gates_GateMutex_Module__root__V
                0x20001cb0        0x8 C:\Users\bkuzi\workspace_v10\tirtos_builds_cc13x2_cc26x2_release_gcc\Debug\configPkg\package\cfg\release_pm4fg.om4fg
                0x20001cb0                ti_sysbios_gates_GateMutex_Module__root__V
 .data.ti_sysbios_gates_GateMutex_Object__table__V
                0x20001cb8       0x38 C:\Users\bkuzi\workspace_v10\tirtos_builds_cc13x2_cc26x2_release_gcc\Debug\configPkg\package\cfg\release_pm4fg.om4fg
                0x20001cb8                ti_sysbios_gates_GateMutex_Object__table__V
 .data.ti_sysbios_hal_Hwi_Module__root__V
                0x20001cf0        0x8 C:\Users\bkuzi\workspace_v10\tirtos_builds_cc13x2_cc26x2_release_gcc\Debug\configPkg\package\cfg\release_pm4fg.om4fg
                0x20001cf0                ti_sysbios_hal_Hwi_Module__root__V
 .data.ti_sysbios_heaps_HeapMem_Module__root__V
                0x20001cf8        0x8 C:\Users\bkuzi\workspace_v10\tirtos_builds_cc13x2_cc26x2_release_gcc\Debug\configPkg\package\cfg\release_pm4fg.om4fg
                0x20001cf8                ti_sysbios_heaps_HeapMem_Module__root__V
 .data.ti_sysbios_heaps_HeapMem_Object__table__V
                0x20001d00       0x18 C:\Users\bkuzi\workspace_v10\tirtos_builds_cc13x2_cc26x2_release_gcc\Debug\configPkg\package\cfg\release_pm4fg.om4fg
                0x20001d00                ti_sysbios_heaps_HeapMem_Object__table__V
 .data.ti_sysbios_knl_Clock_Module__root__V
                0x20001d18        0x8 C:\Users\bkuzi\workspace_v10\tirtos_builds_cc13x2_cc26x2_release_gcc\Debug\configPkg\package\cfg\release_pm4fg.om4fg
                0x20001d18                ti_sysbios_knl_Clock_Module__root__V
 .data.ti_sysbios_knl_Clock_Object__table__V
                0x20001d20       0x20 C:\Users\bkuzi\workspace_v10\tirtos_builds_cc13x2_cc26x2_release_gcc\Debug\configPkg\package\cfg\release_pm4fg.om4fg
                0x20001d20                ti_sysbios_knl_Clock_Object__table__V
 .data.ti_sysbios_knl_Event_Module__root__V
                0x20001d40        0x8 C:\Users\bkuzi\workspace_v10\tirtos_builds_cc13x2_cc26x2_release_gcc\Debug\configPkg\package\cfg\release_pm4fg.om4fg
                0x20001d40                ti_sysbios_knl_Event_Module__root__V
 .data.ti_sysbios_knl_Mailbox_Module__root__V
                0x20001d48        0x8 C:\Users\bkuzi\workspace_v10\tirtos_builds_cc13x2_cc26x2_release_gcc\Debug\configPkg\package\cfg\release_pm4fg.om4fg
                0x20001d48                ti_sysbios_knl_Mailbox_Module__root__V
 .data.ti_sysbios_knl_Queue_Module__root__V
                0x20001d50        0x8 C:\Users\bkuzi\workspace_v10\tirtos_builds_cc13x2_cc26x2_release_gcc\Debug\configPkg\package\cfg\release_pm4fg.om4fg
                0x20001d50                ti_sysbios_knl_Queue_Module__root__V